Component: ARM Compiler 5.05 update 1 (build 106) Tool: armlink [4d0efa]

==============================================================================

Section Cross References

    massstorage.o(.text) refers to stm32f4xx_hal_rcc.o(.text) for HAL_RCC_OscConfig
    massstorage.o(.text) refers to stm32f4xx_hal.o(.text) for HAL_Init
    massstorage.o(.text) refers to led_mcbstm32f400.o(.text) for LED_Initialize
    massstorage.o(.text) refers to buttons_mcbstm32f400.o(.text) for Buttons_Initialize
    massstorage.o(.text) refers to glcd_mcbstm32f400.o(.text) for GLCD_Initialize
    massstorage.o(.text) refers to fs_mapi.o(i.finit) for finit
    massstorage.o(.text) refers to fs_mapi.o(i.fmount) for fmount
    massstorage.o(.text) refers to usbd_core.o(i.USBD_Initialize) for USBD_Initialize
    massstorage.o(.text) refers to usbd_core.o(i.USBD_Connect) for USBD_Connect
    massstorage.o(.text) refers to usbd_hid.o(i.USBD_HID_GetReportTrigger) for USBD_HID_GetReportTrigger
    massstorage.o(.text) refers to rt_cmsis.o(i.osDelay) for osDelay
    massstorage.o(.text) refers to rt_time.o(.data) for os_time
    massstorage.o(.text) refers to glcd_fonts.o(.constdata) for GLCD_Font_16x24
    usbd_user_msc_0.o(.text) refers to rt_memcpy_v6.o(.text) for __aeabi_memcpy
    usbd_user_msc_0.o(.text) refers to memorydiskimage.o(.constdata) for memory_disk_image
    usbd_user_msc_0.o(.text) refers to usbd_user_msc_0.o(.bss) for .bss
    usbd_user_msc_1.o(.text) refers to fs_mapi.o(i.finit) for finit
    usbd_user_msc_1.o(.text) refers to fs_ioc.o(i.fs_ioc_device_ctrl) for fs_ioc_device_ctrl
    usbd_user_msc_1.o(.text) refers to fs_ioc.o(i.fs_ioc_get_id) for fs_ioc_get_id
    usbd_user_msc_1.o(.text) refers to fs_ioc.o(i.fs_ioc_lock) for fs_ioc_lock
    usbd_user_msc_1.o(.text) refers to fs_ioc.o(i.fs_ioc_get_cache) for fs_ioc_get_cache
    usbd_user_msc_1.o(.text) refers to fs_ioc.o(i.fs_ioc_read_info) for fs_ioc_read_info
    usbd_user_msc_1.o(.text) refers to fs_ioc.o(i.fs_ioc_read_sector) for fs_ioc_read_sector
    usbd_user_msc_1.o(.text) refers to fs_ioc.o(i.fs_ioc_write_sector) for fs_ioc_write_sector
    usbd_user_msc_1.o(.text) refers to fs_mapi.o(i.funmount) for funmount
    usbd_user_msc_1.o(.text) refers to fs_ioc.o(i.fs_ioc_unlock) for fs_ioc_unlock
    usbd_user_msc_1.o(.text) refers to fs_mapi.o(i.fmount) for fmount
    usbd_user_msc_1.o(.text) refers to usbd_user_msc_1.o(.data) for .data
    usbd_user_hid_1.o(.text) refers to led_mcbstm32f400.o(.text) for LED_On
    usbd_user_hid_0.o(.text) refers to led_mcbstm32f400.o(.text) for LED_On
    buttons_mcbstm32f400.o(.text) refers to stm32f4xx_hal_gpio.o(.text) for HAL_GPIO_Init
    glcd_fonts.o(.constdata) refers to glcd_fonts.o(.constdata) for Font_6x8_h
    glcd_fonts.o(.constdata) refers to glcd_fonts.o(.constdata) for Font_16x24_h
    glcd_mcbstm32f400.o(.text) refers to stm32f4xx_hal_gpio.o(.text) for HAL_GPIO_Init
    glcd_mcbstm32f400.o(.text) refers to stm32f4xx_hal_sram.o(.text) for HAL_SRAM_Init
    glcd_mcbstm32f400.o(.text) refers to stm32f4xx_hal.o(.text) for HAL_Delay
    glcd_mcbstm32f400.o(.text) refers to glcd_mcbstm32f400.o(.data) for .data
    glcd_mcbstm32f400.o(.text) refers to glcd_mcbstm32f400.o(.bss) for .bss
    led_mcbstm32f400.o(.text) refers to stm32f4xx_hal_gpio.o(.text) for HAL_GPIO_Init
    led_mcbstm32f400.o(.text) refers to led_mcbstm32f400.o(.constdata) for .constdata
    rtx_conf_cm.o(.emb_text) refers to rt_cmsis.o(i.osKernelInitialize) for osKernelInitialize
    rtx_conf_cm.o(.emb_text) refers to rt_cmsis.o(i.osThreadCreate) for osThreadCreate
    rtx_conf_cm.o(.emb_text) refers to rt_cmsis.o(i.osKernelStart) for osKernelStart
    rtx_conf_cm.o(.emb_text) refers to exit.o(.text) for exit
    rtx_conf_cm.o(.emb_text) refers to rtx_conf_cm.o(.data) for os_thread_def_main
    rtx_conf_cm.o(.text) refers to rt_task.o(i.rt_tsk_self) for rt_tsk_self
    rtx_conf_cm.o(.text) refers to rt_mutex.o(i.rt_mut_init) for rt_mut_init
    rtx_conf_cm.o(.text) refers to rt_cmsis.o(.data) for os_running
    rtx_conf_cm.o(.text) refers to rtx_conf_cm.o(.bss) for .bss
    rtx_conf_cm.o(.text) refers to libspace.o(.bss) for __libspace_start
    rtx_conf_cm.o(.text) refers to rtx_conf_cm.o(.data) for .data
    rtx_conf_cm.o(.text) refers to rt_mutex.o(i.rt_mut_wait) for rt_mut_wait
    rtx_conf_cm.o(.text) refers to rt_mutex.o(i.rt_mut_release) for rt_mut_release
    rtx_conf_cm.o(.constdata) refers to rt_cmsis.o(i.osTimerThread) for osTimerThread
    rtx_conf_cm.o(.constdata) refers to rtx_conf_cm.o(.bss) for os_messageQ_q_osTimerMessageQ
    rtx_conf_cm.o(.data) refers to massstorage.o(.text) for main
    mci_stm32f4xx.o(.text) refers to stm32f4xx_hal_gpio.o(.text) for HAL_GPIO_Init
    mci_stm32f4xx.o(.text) refers to stm32f4xx_hal_dma.o(.text) for HAL_DMA_Init
    mci_stm32f4xx.o(.text) refers to stm32f4xx_hal_cortex.o(.text) for HAL_NVIC_EnableIRQ
    mci_stm32f4xx.o(.text) refers to stm32f4xx_hal_rcc.o(.text) for HAL_RCC_GetHCLKFreq
[...]
    os_messageQ_def_osTimerMessageQ          0x08013670   Data           8  rtx_conf_cm.o(.constdata)
    mp_tmr_size                              0x08013678   Data           2  rtx_conf_cm.o(.constdata)
    Driver_MCI0                              0x08013684   Data          52  mci_stm32f4xx.o(.constdata)
    Driver_USBD0                             0x080136c0   Data          72  usbd_fs_stm32f4xx.o(.constdata)
    Driver_USBD1                             0x08013710   Data          72  usbd_hs_stm32f4xx.o(.constdata)
    __stdin_name                             0x08013758   Data           7  retarget_io.o(.constdata)
    __stdout_name                            0x0801375f   Data           8  retarget_io.o(.constdata)
    __stderr_name                            0x08013767   Data           8  retarget_io.o(.constdata)
    APBAHBPrescTable                         0x0801376f   Data          16  stm32f4xx_hal_rcc.o(.constdata)
    fs_fat_fh_cnt                            0x0801377f   Data           1  fs_config.o(.constdata)
    fs_efs_fh_cnt                            0x08013780   Data           1  fs_config.o(.constdata)
    _NDRV                                    0x08013781   Data           1  fs_config.o(.constdata)
    mc0_drv                                  0x08013784   Data          24  fs_config.o(.constdata)
    fs_DevPool                               0x0801379c   Data           8  fs_config.o(.constdata)
    os_thread_def_USBD0_CoreThread           0x080137a4   Data          16  usbd_config_0.o(.constdata)
    usbd0_dev                                0x080137b4   Data          24  usbd_config_0.o(.constdata)
    usbd_hid0_report_descriptor              0x080137cc   Data          33  usbd_config_0.o(.constdata)
    usbd0_ep0_descriptor                     0x080137ed   Data           7  usbd_config_0.o(.constdata)
    usbd0_device_descriptor                  0x080137f4   Data          18  usbd_config_0.o(.constdata)
    usbd0_config_descriptor_fs               0x08013806   Data          65  usbd_config_0.o(.constdata)
    usbd0_device_qualifier_fs                0x08013847   Data           1  usbd_config_0.o(.constdata)
    usbd0_device_qualifier_hs                0x08013848   Data           1  usbd_config_0.o(.constdata)
    usbd0_config_descriptor_hs               0x08013849   Data           1  usbd_config_0.o(.constdata)
    usbd0_other_speed_config_descriptor_fs   0x0801384a   Data           1  usbd_config_0.o(.constdata)
    usbd0_other_speed_config_descriptor_hs   0x0801384b   Data           1  usbd_config_0.o(.constdata)
    usbd0_string_descriptor                  0x0801384c   Data         130  usbd_config_0.o(.constdata)
    os_thread_def_USBD1_CoreThread           0x080138d0   Data          16  usbd_config_1.o(.constdata)
    usbd1_dev                                0x080138e0   Data          24  usbd_config_1.o(.constdata)
    os_semaphore_def_usbd0_driver_semaphore_def 0x080138f8   Data           4  usbd_config_1.o(.constdata)
    os_semaphore_def_usbd1_driver_semaphore_def 0x080138fc   Data           4  usbd_config_1.o(.constdata)
    usbd_driver_semaphore_def_ptr            0x08013900   Data           8  usbd_config_1.o(.constdata)
    usbd_dev_num                             0x08013908   Data           1  usbd_config_1.o(.constdata)
    usbd_dev_ptr                             0x0801390c   Data           8  usbd_config_1.o(.constdata)
    os_thread_def_USBD_HID0_Thread           0x08013914   Data          16  usbd_config_1.o(.constdata)
    os_thread_def_USBD_HID1_Thread           0x08013924   Data          16  usbd_config_1.o(.constdata)
    usbd_hid_thread_def_ptr                  0x08013934   Data           8  usbd_config_1.o(.constdata)
    os_timer_def_usbd_hid0_timer             0x0801393c   Data           8  usbd_config_1.o(.constdata)
    os_timer_def_usbd_hid1_timer             0x08013944   Data           8  usbd_config_1.o(.constdata)
    usbd_hid_timer_def_ptr                   0x0801394c   Data           8  usbd_config_1.o(.constdata)
    usbd_hid_num                             0x08013954   Data           1  usbd_config_1.o(.constdata)
    usbd_hid                                 0x08013958   Data         112  usbd_config_1.o(.constdata)
    os_thread_def_USBD_MSC0_Thread           0x080139c8   Data          16  usbd_config_1.o(.constdata)
    os_thread_def_USBD_MSC1_Thread           0x080139d8   Data          16  usbd_config_1.o(.constdata)
    usbd_msc_thread_def_ptr                  0x080139e8   Data           8  usbd_config_1.o(.constdata)
    usbd_msc_num                             0x080139f0   Data           1  usbd_config_1.o(.constdata)
    usbd_msc                                 0x080139f4   Data          48  usbd_config_1.o(.constdata)
    usbd_msc_ptr                             0x08013a24   Data           8  usbd_config_1.o(.constdata)
    USBD_Device_EventReset                   0x08013a2c   Data           8  usbd_config_1.o(.constdata)
    usbd_ep_max_num                          0x08013a34   Data           1  usbd_config_1.o(.constdata)
    usbd_core_thread_def_ptr                 0x08013a38   Data           8  usbd_config_1.o(.constdata)
    usbd_cb_device_event_ptr                 0x08013a40   Data           8  usbd_config_1.o(.constdata)
    usbd_cb_endpoint_event_ptr               0x08013a48   Data           8  usbd_config_1.o(.constdata)
    USBD_HID_Initialize                      0x08013a50   Data           8  usbd_config_1.o(.constdata)
    USBD_HID_Uninitialize                    0x08013a58   Data           8  usbd_config_1.o(.constdata)
    USBD_HID_GetReport                       0x08013a60   Data           8  usbd_config_1.o(.constdata)
    USBD_HID_SetReport                       0x08013a68   Data           8  usbd_config_1.o(.constdata)
    USBD_HID_GetProtocol                     0x08013a70   Data           8  usbd_config_1.o(.constdata)
    USBD_HID_SetProtocol                     0x08013a78   Data           8  usbd_config_1.o(.constdata)
    USBD_MSC_Initialize                      0x08013a80   Data           8  usbd_config_1.o(.constdata)
    USBD_MSC_Uninitialize                    0x08013a88   Data           8  usbd_config_1.o(.constdata)
    USBD_MSC_GetCacheInfo                    0x08013a90   Data           8  usbd_config_1.o(.constdata)
    USBD_MSC_GetMediaCapacity                0x08013a98   Data           8  usbd_config_1.o(.constdata)
    USBD_MSC_Read                            0x08013aa0   Data           8  usbd_config_1.o(.constdata)
    USBD_MSC_Write                           0x08013aa8   Data           8  usbd_config_1.o(.constdata)
    USBD_MSC_StartStop                       0x08013ab0   Data           8  usbd_config_1.o(.constdata)
    USBD_MSC_CheckMedia                      0x08013ab8   Data           8  usbd_config_1.o(.constdata)
    USBD_Device_Initialize                   0x08013ac0   Data           8  usbd_config_1.o(.constdata)
    usbd_hid1_report_descriptor              0x08013ac8   Data          33  usbd_config_1.o(.constdata)
    usbd_hid_desc_ptr                        0x08013aec   Data           8  usbd_config_1.o(.constdata)
    usbd1_ep0_descriptor                     0x08013af4   Data           7  usbd_config_1.o(.constdata)
    usbd1_device_descriptor                  0x08013afb   Data          18  usbd_config_1.o(.constdata)
    usbd1_config_descriptor_fs               0x08013b0d   Data          65  usbd_config_1.o(.constdata)
    usbd1_device_qualifier_fs                0x08013b4e   Data          10  usbd_config_1.o(.constdata)
    usbd1_device_qualifier_hs                0x08013b58   Data          10  usbd_config_1.o(.constdata)
    usbd1_config_descriptor_hs               0x08013b62   Data          65  usbd_config_1.o(.constdata)
    usbd1_other_speed_config_descriptor_fs   0x08013ba3   Data          65  usbd_config_1.o(.constdata)
    usbd1_other_speed_config_descriptor_hs   0x08013be4   Data          65  usbd_config_1.o(.constdata)
    usbd1_string_descriptor                  0x08013c26   Data         130  usbd_config_1.o(.constdata)
    INTERVAL_HS                              0x08013cb8   Data          32  usbd_hid.o(.constdata)
    Region$$Table$$Base                      0x080141c4   Number         0  anon$$obj.o(Region$$Table)
    Region$$Table$$Limit                     0x080141e4   Number         0  anon$$obj.o(Region$$Table)
    __ctype                                  0x080141f1   Data           0  lc_ctype_c.o(locale$$data)
    usbd_msc1_media_own                      0x20000001   Data           1  usbd_user_msc_1.o(.data)
    m_tmr                                    0x20000014   Data           4  rtx_conf_cm.o(.data)
    os_thread_def_main                       0x20000018   Data          16  rtx_conf_cm.o(.data)
    osThreadId_osTimerThread                 0x20000028   Data           4  rtx_conf_cm.o(.data)
    osMessageQId_osTimerMessageQ             0x2000002c   Data           4  rtx_conf_cm.o(.data)
    otg_fs_role                              0x20000035   Data           1  otg_fs_stm32f4xx.o(.data)
    otg_fs_state                             0x20000036   Data           1  otg_fs_stm32f4xx.o(.data)
    otg_hs_role                              0x20000038   Data           1  otg_hs_stm32f4xx.o(.data)
    otg_hs_state                             0x20000039   Data           1  otg_hs_stm32f4xx.o(.data)
    ITM_RxBuffer                             0x20000074   Data           4  retarget_io.o(.data)
    SystemCoreClock                          0x2000007c   Data           4  system_stm32f4xx.o(.data)
    AHBPrescTable                            0x20000080   Data          16  system_stm32f4xx.o(.data)
    fs_efs_fh                                0x20000090   Data           4  fs_config.o(.data)
    usbd_hid0_desc                           0x20000094   Data           8  usbd_config_0.o(.data)
    usbd0_desc                               0x2000009c   Data          36  usbd_config_0.o(.data)
    usbd0_alt_setting                        0x200000c0   Data           2  usbd_config_0.o(.data)
    usbd0_ep0_buf                            0x200000c4   Data           8  usbd_config_0.o(.data)
    os_semaphore_cb_usbd0_driver_semaphore_def 0x200000cc   Data           8  usbd_config_1.o(.data)
    os_semaphore_cb_usbd1_driver_semaphore_def 0x200000d4   Data           8  usbd_config_1.o(.data)
    usbd_hid_ptr                             0x200000dc   Data           8  usbd_config_1.o(.data)
    usbd_ep_thread_id_ptr                    0x200000e4   Data          24  usbd_config_1.o(.data)
    usbd_drv_version                         0x200000fc   Data           8  usbd_config_1.o(.data)
    usbd_capabilities                        0x20000104   Data           8  usbd_config_1.o(.data)
    usbd_hid1_desc                           0x2000010c   Data           8  usbd_config_1.o(.data)
    usbd1_desc                               0x20000114   Data          36  usbd_config_1.o(.data)
    usbd_desc_ptr                            0x20000138   Data           8  usbd_config_1.o(.data)
    usbd1_alt_setting                        0x20000140   Data           2  usbd_config_1.o(.data)
    usbd_core_thread_id                      0x20000144   Data           8  usbd_config_1.o(.data)
    usbd_driver_semaphore_id                 0x2000014c   Data           8  usbd_config_1.o(.data)
    usbd_hid_thread_id                       0x20000154   Data           8  usbd_config_1.o(.data)
    usbd_hid_timer_id                        0x2000015c   Data           8  usbd_config_1.o(.data)
    usbd_hid0_idle_count                     0x20000164   Data           2  usbd_config_1.o(.data)
    usbd_hid0_idle_reload                    0x20000166   Data           2  usbd_config_1.o(.data)
    usbd_hid0_idle_set                       0x20000168   Data           1  usbd_config_1.o(.data)
    usbd_hid0_in_report                      0x2000016c   Data           1  usbd_config_1.o(.data)
    usbd_hid0_out_report                     0x20000170   Data           1  usbd_config_1.o(.data)
    usbd_hid0_feat_report                    0x20000174   Data           1  usbd_config_1.o(.data)
    usbd_hid1_idle_count                     0x20000176   Data           2  usbd_config_1.o(.data)
    usbd_hid1_idle_reload                    0x20000178   Data           2  usbd_config_1.o(.data)
    usbd_hid1_idle_set                       0x2000017a   Data           1  usbd_config_1.o(.data)
    usbd_hid1_in_report                      0x2000017c   Data           1  usbd_config_1.o(.data)
    usbd_hid1_out_report                     0x20000180   Data           1  usbd_config_1.o(.data)
    usbd_hid1_feat_report                    0x20000184   Data           1  usbd_config_1.o(.data)
    usbd_msc_thread_id                       0x20000188   Data           8  usbd_config_1.o(.data)
    os_initialized                           0x20000190   Data           1  rt_cmsis.o(.data)
    os_running                               0x20000191   Data           1  rt_cmsis.o(.data)
    os_timer_head                            0x20000194   Data           4  rt_cmsis.o(.data)
    os_tsk                                   0x20000198   Data           8  rt_task.o(.data)
    os_time                                  0x200001a0   Data           4  rt_time.o(.data)
    os_tick_irqn                             0x200001ac   Data           4  rt_system.o(.data)
    os_robin                                 0x200001b0   Data           8  rt_robin.o(.data)
    dbg_msg                                  0x200001b8   Data           1  hal_cm.o(.data)
    _stream_list_lock                        0x200001bc   Data           4  streamlock.o(.data)
    __aeabi_stdin                            0x200001c0   Data           4  stdio_streams.o(.data)
    __aeabi_stdout                           0x200001c4   Data           4  stdio_streams.o(.data)
    __aeabi_stderr                           0x200001c8   Data           4  stdio_streams.o(.data)
    os_messageQ_q_osTimerMessageQ            0x20002410   Data          32  rtx_conf_cm.o(.bss)
    mp_tcb                                   0x20002430   Data         376  rtx_conf_cm.o(.bss)
    mp_stk                                   0x200025a8   Data        4016  rtx_conf_cm.o(.bss)
    os_stack_mem                             0x20003558   Data        4312  rtx_conf_cm.o(.bss)
    os_fifo                                  0x20004630   Data         196  rtx_conf_cm.o(.bss)
    os_active_TCB                            0x200046f4   Data          28  rtx_conf_cm.o(.bss)
    hdma_sdio_rx                             0x20004a30   Data          80  mci_stm32f4xx.o(.bss)
    hdma_sdio_tx                             0x20004a80   Data          80  mci_stm32f4xx.o(.bss)
    fs_fat_fh                                0x20004c8c   Data         160  fs_config.o(.bss)
    usbd0_data                               0x200061cc   Data          52  usbd_config_0.o(.bss)
    usbd1_ep0_buf                            0x20006200   Data          64  usbd_config_1.o(.bss)
    usbd1_data                               0x20006240   Data          52  usbd_config_1.o(.bss)
    os_timer_cb_usbd_hid0_timer              0x20006274   Data          24  usbd_config_1.o(.bss)
    os_timer_cb_usbd_hid1_timer              0x2000628c   Data          24  usbd_config_1.o(.bss)
    usbd_hid_data                            0x200062a4   Data          72  usbd_config_1.o(.bss)
    usbd_msc0_bulk_buf                       0x200062ec   Data         512  usbd_config_1.o(.bss)
    usbd_msc1_bulk_buf                       0x200064ec   Data         512  usbd_config_1.o(.bss)
    usbd_msc_data                            0x200066ec   Data         192  usbd_config_1.o(.bss)
    os_idle_TCB                              0x200067ac   Data          52  rt_task.o(.bss)
    os_rdy                                   0x200067e0   Data          24  rt_list.o(.bss)
    os_dly                                   0x200067f8   Data          24  rt_list.o(.bss)
    __libspace_start                         0x20006810   Data          96  libspace.o(.bss)
    __stdin                                  0x20006870   Data          84  stdio_streams.o(.bss)
    __temporary_stack_top$libspace           0x20006870   Data           0  libspace.o(.bss)
    __stdout                                 0x200068c4   Data          84  stdio_streams.o(.bss)
    __stderr                                 0x20006918   Data          84  stdio_streams.o(.bss)



==============================================================================

Memory Map of the image

  Image Entry point : 0x08000189

  Load Region LR_IROM1 (Base: 0x08000000, Size: 0x000144c0, Max: 0x00100000, ABSOLUTE, COMPRESSED[0x00014384])

    Execution Region ER_IROM1 (Base: 0x08000000, Size: 0x000142f4, Max: 0x00100000, ABSOLUTE)

    Base Addr    Size         Type   Attr      Idx    E Section Name        Object

    0x08000000   0x00000188   Data   RO          869    RESET               startup_stm32f407xx.o
    0x08000188   0x00000008   Code   RO         3128  * !!!main             c_w.l(__main.o)
    0x08000190   0x00000034   Code   RO         3444    !!!scatter          c_w.l(__scatter.o)
    0x080001c4   0x0000005a   Code   RO         3442    !!dczerorl2         c_w.l(__dczerorl2.o)
    0x0800021e   0x00000002   PAD
    0x08000220   0x0000001c   Code   RO         3446    !!handler_zi        c_w.l(__scatter_zi.o)
    0x0800023c   0x00000002   Code   RO         3379    .ARM.Collect$$libinit$$00000000  c_w.l(libinit.o)
    0x0800023e   0x00000004   Code   RO         3251    .ARM.Collect$$libinit$$00000001  c_w.l(libinit2.o)
    0x08000242   0x00000000   Code   RO         3254    .ARM.Collect$$libinit$$00000004  c_w.l(libinit2.o)
    0x08000242   0x00000008   Code   RO         3255    .ARM.Collect$$libinit$$00000005  c_w.l(libinit2.o)
    0x0800024a   0x00000000   Code   RO         3257    .ARM.Collect$$libinit$$0000000A  c_w.l(libinit2.o)
    0x0800024a   0x00000000   Code   RO         3259    .ARM.Collect$$libinit$$0000000C  c_w.l(libinit2.o)
    0x0800024a   0x00000000   Code   RO         3261    .ARM.Collect$$libinit$$0000000E  c_w.l(libinit2.o)
    0x0800024a   0x00000006   Code   RO         3262    .ARM.Collect$$libinit$$0000000F  c_w.l(libinit2.o)
    0x08000250   0x00000000   Code   RO         3264    .ARM.Collect$$libinit$$00000011  c_w.l(libinit2.o)
    0x08000250   0x0000000c   Code   RO         3265    .ARM.Collect$$libinit$$00000012  c_w.l(libinit2.o)
    0x0800025c   0x00000000   Code   RO         3266    .ARM.Collect$$libinit$$00000013  c_w.l(libinit2.o)
    0x0800025c   0x00000000   Code   RO         3268    .ARM.Collect$$libinit$$00000015  c_w.l(libinit2.o)
    0x0800025c   0x00000000   Code   RO         3270    .ARM.Collect$$libinit$$00000017  c_w.l(libinit2.o)
    0x0800025c   0x00000000   Code   RO         3272    .ARM.Collect$$libinit$$00000019  c_w.l(libinit2.o)
    0x0800025c   0x00000000   Code   RO         3274    .ARM.Collect$$libinit$$0000001B  c_w.l(libinit2.o)
    0x0800025c   0x00000000   Code   RO         3276    .ARM.Collect$$libinit$$0000001D  c_w.l(libinit2.o)
    0x0800025c   0x00000000   Code   RO         3278    .ARM.Collect$$libinit$$0000001F  c_w.l(libinit2.o)
    0x0800025c   0x00000000   Code   RO         3280    .ARM.Collect$$libinit$$00000021  c_w.l(libinit2.o)
    0x0800025c   0x00000000   Code   RO         3282    .ARM.Collect$$libinit$$00000023  c_w.l(libinit2.o)
    0x0800025c   0x00000004   Code   RO         3283    .ARM.Collect$$libinit$$00000024  c_w.l(libinit2.o)
    0x08000260   0x00000000   Code   RO         3284    .ARM.Collect$$libinit$$00000025  c_w.l(libinit2.o)
    0x08000260   0x00000000   Code   RO         3288    .ARM.Collect$$libinit$$0000002C  c_w.l(libinit2.o)
    0x08000260   0x00000000   Code   RO         3290    .ARM.Collect$$libinit$$0000002E  c_w.l(libinit2.o)
    0x08000260   0x00000000   Code   RO         3292    .ARM.Collect$$libinit$$00000030  c_w.l(libinit2.o)
    0x08000260   0x00000000   Code   RO         3294    .ARM.Collect$$libinit$$00000032  c_w.l(libinit2.o)
    0x08000260   0x00000002   Code   RO         3295    .ARM.Collect$$libinit$$00000033  c_w.l(libinit2.o)
    0x08000262   0x00000002   Code   RO         3380    .ARM.Collect$$libshutdown$$00000000  c_w.l(libshutdown.o)
    0x08000264   0x00000004   Code   RO         3297    .ARM.Collect$$libshutdown$$00000002  c_w.l(libshutdown2.o)
    0x08000268   0x00000000   Code   RO         3298    .ARM.Collect$$libshutdown$$00000003  c_w.l(libshutdown2.o)
    0x08000268   0x00000000   Code   RO         3301    .ARM.Collect$$libshutdown$$00000006  c_w.l(libshutdown2.o)
    0x08000268   0x00000000   Code   RO         3304    .ARM.Collect$$libshutdown$$00000009  c_w.l(libshutdown2.o)
    0x08000268   0x00000000   Code   RO         3306    .ARM.Collect$$libshutdown$$0000000B  c_w.l(libshutdown2.o)
    0x08000268   0x00000000   Code   RO         3309    .ARM.Collect$$libshutdown$$0000000E  c_w.l(libshutdown2.o)
    0x08000268   0x00000002   Code   RO         3310    .ARM.Collect$$libshutdown$$0000000F  c_w.l(libshutdown2.o)
    0x0800026a   0x00000000   Code   RO         3130    .ARM.Collect$$rtentry$$00000000  c_w.l(__rtentry.o)
    0x0800026a   0x00000000   Code   RO         3154    .ARM.Collect$$rtentry$$00000002  c_w.l(__rtentry2.o)
    0x0800026a   0x00000006   Code   RO         3166    .ARM.Collect$$rtentry$$00000004  c_w.l(__rtentry4.o)
    0x08000270   0x00000000   Code   RO         3156    .ARM.Collect$$rtentry$$00000009  c_w.l(__rtentry2.o)
    0x08000270   0x00000004   Code   RO         3157    .ARM.Collect$$rtentry$$0000000A  c_w.l(__rtentry2.o)
    0x08000274   0x00000008   Code   RO         3158    .ARM.Collect$$rtentry$$0000000B  c_w.l(__rtentry2.o)
    0x0800027c   0x00000008   Code   RO         3160    .ARM.Collect$$rtentry$$0000000D  c_w.l(__rtentry2.o)
    0x08000284   0x00000002   Code   RO         3131    .ARM.Collect$$rtexit$$00000000  c_w.l(rtexit.o)
    0x08000286   0x00000000   Code   RO         3169    .ARM.Collect$$rtexit$$00000002  c_w.l(rtexit2.o)
    0x08000286   0x00000004   Code   RO         3170    .ARM.Collect$$rtexit$$00000003  c_w.l(rtexit2.o)
    0x0800028a   0x00000006   Code   RO         3171    .ARM.Collect$$rtexit$$00000004  c_w.l(rtexit2.o)
    0x08000290   0x0000001c   Code   RO          320    .emb_text           rtx_conf_cm.o
    0x080002ac   0x00000180   Code   RO         2726    .emb_text           RTX_CM4.lib(hal_cm4.o)
    0x0800042c   0x00000000   Code   RO         3386    .emb_text           c_w.l(maybetermalloc1.o)
    0x0800042c   0x00000204   Code   RO            4    .text               massstorage.o
    0x08000630   0x00000064   Code   RO          158    .text               usbd_user_msc_0.o
    0x08000694   0x00000160   Code   RO          179    .text               usbd_user_msc_1.o
    0x080007f4   0x00000038   Code   RO          194    .text               usbd_user_hid_1.o
    0x0800082c   0x00000036   Code   RO          206    .text               usbd_user_hid_0.o
    0x08000862   0x00000002   PAD
    0x08000864   0x000000cc   Code   RO          221    .text               buttons_mcbstm32f400.o
    0x08000930   0x000009b8   Code   RO          269    .text               glcd_mcbstm32f400.o
    0x080012e8   0x000000e8   Code   RO          296    .text               led_mcbstm32f400.o
    0x080013d0   0x0000008c   Code   RO          321    .text               rtx_conf_cm.o
    0x0800145c   0x000008f4   Code   RO          377    .text               mci_stm32f4xx.o
    0x08001d50   0x0000016c   Code   RO          418    .text               otg_fs_stm32f4xx.o
    0x08001ebc   0x00000218   Code   RO          458    .text               otg_hs_stm32f4xx.o
    0x080020d4   0x00000e68   Code   RO          489    .text               usbd_fs_stm32f4xx.o
    0x08002f3c   0x00000f1c   Code   RO          524    .text               usbd_hs_stm32f4xx.o
    0x08003e58   0x00000194   Code   RO          552    .text               retarget_io.o
    0x08003fec   0x00000150   Code   RO          596    .text               stm32f4xx_hal.o
    0x0800413c   0x000001d8   Code   RO          622    .text               stm32f4xx_hal_cortex.o
    0x08004314   0x00002d18   Code   RO          650    .text               stm32f4xx_hal_dma.o
    0x0800702c   0x000002b4   Code   RO          698    .text               stm32f4xx_hal_gpio.o
    0x080072e0   0x000007f8   Code   RO          770    .text               stm32f4xx_hal_rcc.o
    0x08007ad8   0x000002bc   Code   RO          822    .text               stm32f4xx_hal_sram.o
    0x08007d94   0x000002c8   Code   RO          846    .text               stm32f4xx_ll_fsmc.o
    0x0800805c   0x00000040   Code   RO          870    .text               startup_stm32f407xx.o
    0x0800809c   0x000000cc   Code   RO          877    .text               system_stm32f4xx.o
    0x08008168   0x00000124   Code   RO          904    .text               fs_config.o
    0x0800828c   0x00000304   Code   RO         1014    .text               usbd_config_1.o
    0x08008590   0x00000008   Code   RO         3098    .text               c_w.l(libspace.o)
    0x08008598   0x000000ee   Code   RO         3101    .text               c_w.l(lludivv7m.o)
    0x08008686   0x00000002   PAD
    0x08008688   0x00000090   Code   RO         3106    .text               c_w.l(fflush_locked.o)
    0x08008718   0x0000000c   Code   RO         3108    .text               c_w.l(exit.o)
    0x08008724   0x00000032   Code   RO         3110    .text               c_w.l(strncasecmp.o)
    0x08008756   0x0000003e   Code   RO         3112    .text               c_w.l(strlen.o)
    0x08008794   0x0000008a   Code   RO         3114    .text               c_w.l(rt_memcpy_v6.o)
    0x0800881e   0x00000064   Code   RO         3116    .text               c_w.l(rt_memcpy_w.o)
    0x08008882   0x00000010   Code   RO         3118    .text               c_w.l(aeabi_memset.o)
    0x08008892   0x00000044   Code   RO         3120    .text               c_w.l(rt_memclr.o)
    0x080088d6   0x0000004e   Code   RO         3122    .text               c_w.l(rt_memclr_w.o)
    0x08008924   0x00000080   Code   RO         3124    .text               c_w.l(strcmpv7m.o)
    0x080089a4   0x00000006   Code   RO         3126    .text               c_w.l(heapauxi.o)
    0x080089aa   0x0000001a   Code   RO         3137    .text               c_w.l(tolower.o)
    0x080089c4   0x000000f8   Code   RO         3139    .text               c_w.l(fseek.o)
    0x08008abc   0x000000f0   Code   RO         3141    .text               c_w.l(stdio.o)
    0x08008bac   0x000001c8   Code   RO         3151    .text               c_w.l(initio_locked.o)
    0x08008d74   0x00000010   Code   RO         3175    .text               c_w.l(rt_ctype_table.o)
    0x08008d84   0x00000076   Code   RO         3183    .text               c_w.l(h1_free_mt.o)
    0x08008dfa   0x00000042   Code   RO         3235    .text               c_w.l(ftell.o)
    0x08008e3c   0x0000004c   Code   RO         3241    .text               c_w.l(fclose.o)
    0x08008e88   0x00000068   Code   RO         3243    .text               c_w.l(setvbuf_locked.o)
    0x08008ef0   0x00000144   Code   RO         3245    .text               c_w.l(fopen_locked.o)
    0x08009034   0x0000000e   Code   RO         3247    .text               c_w.l(defsig_rtred_outer.o)
    0x08009042   0x00000002   PAD
    0x08009044   0x0000000c   Code   RO         3311    .text               c_w.l(sys_exit.o)
    0x08009050   0x0000004a   Code   RO         3313    .text               c_w.l(sys_stackheap_outer.o)
    0x0800909a   0x0000000a   Code   RO         3322    .text               c_w.l(rt_heap_descriptor_twolibspace.o)
    0x080090a4   0x0000000a   Code   RO         3329    .text               c_w.l(rt_locale_twolibspace.o)
    0x080090ae   0x00000004   Code   RO         3336    .text               c_w.l(rt_errno_addr_twolibspace.o)
    0x080090b2   0x00000004   Code   RO         3338    .text               c_w.l(hguard.o)
    0x080090b6   0x0000008a   Code   RO         3340    .text               c_w.l(init_alloc.o)
    0x08009140   0x0000009e   Code   RO         3348    .text               c_w.l(h1_alloc_mt.o)
    0x080091de   0x0000000a   Code   RO         3363    .text               c_w.l(defsig_exit.o)
    0x080091e8   0x00000034   Code   RO         3369    .text               c_w.l(defsig_rtred_inner.o)
    0x0800921c   0x00000002   Code   RO         3383    .text               c_w.l(use_no_semi.o)
    0x0800921e   0x00000000   Code   RO         3385    .text               c_w.l(indicate_semi.o)
    0x0800921e   0x00000012   Code   RO         3392    .text               c_w.l(h1_init_mt.o)
    0x08009230   0x0000003e   Code   RO         3394    .text               c_w.l(h1_extend_mt.o)
    0x0800926e   0x00000032   Code   RO         3398    .text               c_w.l(defsig_general.o)
    0x080092a0   0x0000000e   Code   RO         3402    .text               c_w.l(defsig_rtmem_outer.o)
    0x080092ae   0x00000002   PAD
    0x080092b0   0x00000050   Code   RO         3421    .text               c_w.l(defsig_rtmem_inner.o)
    0x08009300   0x00000004   Code   RO         3085    SVC_TABLE           RTX_CM4.lib(svc_table.o)
    0x08009304   0x00000006   Code   RO         2056    i.USBD0_CoreThread  USB_CM3_L.lib(usbd_core.o)
    0x0800930a   0x00000006   Code   RO         2057    i.USBD1_CoreThread  USB_CM3_L.lib(usbd_core.o)
    0x08009310   0x0000002c   Code   RO         2060    i.USBD_CheckDevice  USB_CM3_L.lib(usbd_core.o)
    0x0800933c   0x00000018   Code   RO         2062    i.USBD_Connect      USB_CM3_L.lib(usbd_core.o)
    0x08009354   0x00000062   Code   RO         2063    i.USBD_Core         USB_CM3_L.lib(usbd_core.o)
    0x080093b6   0x00000002   PAD
    0x080093b8   0x0000008c   Code   RO         2064    i.USBD_CoreThread   USB_CM3_L.lib(usbd_core.o)
    0x08009444   0x00000054   Code   RO         2065    i.USBD_DataInStage  USB_CM3_L.lib(usbd_core.o)
    0x08009498   0x0000002c   Code   RO         2066    i.USBD_DataOutStage  USB_CM3_L.lib(usbd_core.o)
    0x080094c4   0x00000040   Code   RO         2068    i.USBD_DriverDeviceConnect  USB_CM3_L.lib(usbd_core.o)
    0x08009504   0x00000044   Code   RO         2072    i.USBD_DriverDeviceSetAddress  USB_CM3_L.lib(usbd_core.o)
    0x08009548   0x0000007c   Code   RO         2073    i.USBD_DriverEndpointConfigure  USB_CM3_L.lib(usbd_core.o)
    0x080095c4   0x00000078   Code   RO         2074    i.USBD_DriverEndpointStall  USB_CM3_L.lib(usbd_core.o)
    0x0800963c   0x0000009c   Code   RO         2075    i.USBD_DriverEndpointTransfer  USB_CM3_L.lib(usbd_core.o)
    0x080096d8   0x00000078   Code   RO         2076    i.USBD_DriverEndpointTransferAbort  USB_CM3_L.lib(usbd_core.o)
    0x08009750   0x0000003c   Code   RO         2077    i.USBD_DriverEndpointTransferGetResult  USB_CM3_L.lib(usbd_core.o)
    0x0800978c   0x00000074   Code   RO         2078    i.USBD_DriverEndpointUnconfigure  USB_CM3_L.lib(usbd_core.o)
    0x08009800   0x00000010   Code   RO         2079    i.USBD_DriverGetCapabilities  USB_CM3_L.lib(usbd_core.o)
    0x08009810   0x00000010   Code   RO         2081    i.USBD_DriverGetVersion  USB_CM3_L.lib(usbd_core.o)
    0x08009820   0x0000004c   Code   RO         2082    i.USBD_DriverInitialize  USB_CM3_L.lib(usbd_core.o)
    0x0800986c   0x00000044   Code   RO         2083    i.USBD_DriverPowerControl  USB_CM3_L.lib(usbd_core.o)
    0x080098b0   0x00000044   Code   RO         2084    i.USBD_DriverReadSetupPacket  USB_CM3_L.lib(usbd_core.o)
    0x080098f4   0x00000254   Code   RO         2086    i.USBD_Endpoint0    USB_CM3_L.lib(usbd_core.o)
    0x08009b48   0x00000064   Code   RO         3065    i.USBD_Endpoint0_Out_HID_ReqToIF  USB_CM3_L.lib(usbd_core_hid.o)
    0x08009bac   0x000000ec   Code   RO         3066    i.USBD_Endpoint0_ReqGetDescriptor_HID  USB_CM3_L.lib(usbd_core_hid.o)
    0x08009c98   0x000000e4   Code   RO         3067    i.USBD_Endpoint0_Setup_HID_ReqToIF  USB_CM3_L.lib(usbd_core_hid.o)
    0x08009d7c   0x00000098   Code   RO         3077    i.USBD_Endpoint0_Setup_MSC_ReqToIF  USB_CM3_L.lib(usbd_core_msc.o)
    0x08009e14   0x0000001c   Code   RO         2089    i.USBD_EndpointReadGetResult  USB_CM3_L.lib(usbd_core.o)
    0x08009e30   0x00000060   Code   RO         2090    i.USBD_EndpointStall  USB_CM3_L.lib(usbd_core.o)
    0x08009e90   0x00000006   Code   RO         2174    i.USBD_HID0_Thread  USB_CM3_L.lib(usbd_hid.o)
    0x08009e96   0x00000006   Code   RO         2175    i.USBD_HID1_Thread  USB_CM3_L.lib(usbd_hid.o)
    0x08009e9c   0x0000003c   Code   RO         2178    i.USBD_HID_CheckInstance  USB_CM3_L.lib(usbd_hid.o)
    0x08009ed8   0x0000006c   Code   RO         2179    i.USBD_HID_ClassInitialize  USB_CM3_L.lib(usbd_hid.o)
    0x08009f44   0x00000038   Code   RO         2180    i.USBD_HID_ClassUninitialize  USB_CM3_L.lib(usbd_hid.o)
    0x08009f7c   0x00000038   Code   RO         2181    i.USBD_HID_CoreGetIdle  USB_CM3_L.lib(usbd_hid.o)
    0x08009fb4   0x00000044   Code   RO         2182    i.USBD_HID_CoreGetProtocol  USB_CM3_L.lib(usbd_hid.o)
    0x08009ff8   0x00000060   Code   RO         2183    i.USBD_HID_CoreGetReport  USB_CM3_L.lib(usbd_hid.o)
    0x0800a058   0x00000078   Code   RO         2184    i.USBD_HID_CoreSetIdle  USB_CM3_L.lib(usbd_hid.o)
    0x0800a0d0   0x00000040   Code   RO         2185    i.USBD_HID_CoreSetProtocol  USB_CM3_L.lib(usbd_hid.o)
    0x0800a110   0x00000060   Code   RO         2186    i.USBD_HID_CoreSetReport  USB_CM3_L.lib(usbd_hid.o)
    0x0800a170   0x00000030   Code   RO         2187    i.USBD_HID_EventEndpointStart  USB_CM3_L.lib(usbd_hid.o)
    0x0800a1a0   0x00000178   Code   RO         2188    i.USBD_HID_EventEpIntIn  USB_CM3_L.lib(usbd_hid.o)
    0x0800a318   0x00000090   Code   RO         2189    i.USBD_HID_EventEpIntOut  USB_CM3_L.lib(usbd_hid.o)
    0x0800a3a8   0x0000004c   Code   RO         2190    i.USBD_HID_EventReset  USB_CM3_L.lib(usbd_hid.o)
    0x0800a3f4   0x00000044   Code   RO         2191    i.USBD_HID_EventSetConfiguration  USB_CM3_L.lib(usbd_hid.o)
    0x0800a438   0x000000a8   Code   RO         2192    i.USBD_HID_GetReportTrigger  USB_CM3_L.lib(usbd_hid.o)
    0x0800a4e0   0x0000002a   Code   RO         2193    i.USBD_HID_Thread   USB_CM3_L.lib(usbd_hid.o)
    0x0800a50a   0x00000002   PAD
    0x0800a50c   0x00000118   Code   RO         2194    i.USBD_HID_Timer    USB_CM3_L.lib(usbd_hid.o)
    0x0800a624   0x000000bc   Code   RO         2093    i.USBD_Initialize   USB_CM3_L.lib(usbd_core.o)
    0x0800a6e0   0x00000006   Code   RO         2223    i.USBD_MSC0_Thread  USB_CM3_L.lib(usbd_msc.o)
    0x0800a6e6   0x00000006   Code   RO         2224    i.USBD_MSC1_Thread  USB_CM3_L.lib(usbd_msc.o)
    0x0800a6ec   0x0000003c   Code   RO         2227    i.USBD_MSC_BulkOnlyMassStorageReset  USB_CM3_L.lib(usbd_msc.o)
    0x0800a728   0x00000030   Code   RO         2228    i.USBD_MSC_CheckCommandDataIn  USB_CM3_L.lib(usbd_msc.o)
    0x0800a758   0x00000034   Code   RO         2229    i.USBD_MSC_CheckCommandDataOut  USB_CM3_L.lib(usbd_msc.o)
    0x0800a78c   0x00000030   Code   RO         2230    i.USBD_MSC_CheckCommandNoData  USB_CM3_L.lib(usbd_msc.o)
    0x0800a7bc   0x0000003c   Code   RO         2231    i.USBD_MSC_CheckInstance  USB_CM3_L.lib(usbd_msc.o)
    0x0800a7f8   0x0000004c   Code   RO         2232    i.USBD_MSC_CheckMediaHW  USB_CM3_L.lib(usbd_msc.o)
    0x0800a844   0x00000078   Code   RO         2233    i.USBD_MSC_ClassInitialize  USB_CM3_L.lib(usbd_msc.o)
    0x0800a8bc   0x00000038   Code   RO         2234    i.USBD_MSC_ClassUninitialize  USB_CM3_L.lib(usbd_msc.o)
    0x0800a8f4   0x00000054   Code   RO         2235    i.USBD_MSC_ClrStallEP  USB_CM3_L.lib(usbd_msc.o)
    0x0800a948   0x00000048   Code   RO         2236    i.USBD_MSC_DataInTransfer  USB_CM3_L.lib(usbd_msc.o)
    0x0800a990   0x00000004   Code   RO         2237    i.USBD_MSC_EventEndpointClearFeatureStall  USB_CM3_L.lib(usbd_msc.o)
    0x0800a994   0x0000004c   Code   RO         2238    i.USBD_MSC_EventEndpointStart  USB_CM3_L.lib(usbd_msc.o)
    0x0800a9e0   0x00000084   Code   RO         2239    i.USBD_MSC_EventEpBulkIn  USB_CM3_L.lib(usbd_msc.o)
    0x0800aa64   0x00000048   Code   RO         2240    i.USBD_MSC_EventReset  USB_CM3_L.lib(usbd_msc.o)
    0x0800aaac   0x00000258   Code   RO         2241    i.USBD_MSC_GetCBW   USB_CM3_L.lib(usbd_msc.o)
    0x0800ad04   0x00000030   Code   RO         2242    i.USBD_MSC_GetMaxLUN  USB_CM3_L.lib(usbd_msc.o)
    0x0800ad34   0x00000150   Code   RO         2243    i.USBD_MSC_Inquiry  USB_CM3_L.lib(usbd_msc.o)
    0x0800ae84   0x000000fc   Code   RO         2244    i.USBD_MSC_MemoryRead  USB_CM3_L.lib(usbd_msc.o)
    0x0800af80   0x000000f8   Code   RO         2245    i.USBD_MSC_MemoryVerify  USB_CM3_L.lib(usbd_msc.o)
    0x0800b078   0x00000128   Code   RO         2246    i.USBD_MSC_MemoryWrite  USB_CM3_L.lib(usbd_msc.o)
    0x0800b1a0   0x00000070   Code   RO         2247    i.USBD_MSC_ModeSense10  USB_CM3_L.lib(usbd_msc.o)
    0x0800b210   0x000000d4   Code   RO         2248    i.USBD_MSC_RWSetup  USB_CM3_L.lib(usbd_msc.o)
    0x0800b2e4   0x000000a8   Code   RO         2249    i.USBD_MSC_ReadCapacity  USB_CM3_L.lib(usbd_msc.o)
    0x0800b38c   0x000000b4   Code   RO         2250    i.USBD_MSC_ReadFormatCapacity  USB_CM3_L.lib(usbd_msc.o)
    0x0800b440   0x000000e4   Code   RO         2251    i.USBD_MSC_RequestSense  USB_CM3_L.lib(usbd_msc.o)
    0x0800b524   0x00000034   Code   RO         2252    i.USBD_MSC_SetCSW   USB_CM3_L.lib(usbd_msc.o)
    0x0800b558   0x0000004c   Code   RO         2253    i.USBD_MSC_SetStallEP  USB_CM3_L.lib(usbd_msc.o)
    0x0800b5a4   0x0000004c   Code   RO         2254    i.USBD_MSC_StatusFailed  USB_CM3_L.lib(usbd_msc.o)
    0x0800b5f0   0x0000001c   Code   RO         2255    i.USBD_MSC_StatusPassed  USB_CM3_L.lib(usbd_msc.o)
    0x0800b60c   0x00000050   Code   RO         2256    i.USBD_MSC_StatusPhaseError  USB_CM3_L.lib(usbd_msc.o)
    0x0800b65c   0x00000088   Code   RO         2257    i.USBD_MSC_Thread   USB_CM3_L.lib(usbd_msc.o)
    0x0800b6e4   0x00000024   Code   RO         2094    i.USBD_ReqGetConfiguration  USB_CM3_L.lib(usbd_core.o)
    0x0800b708   0x0000013c   Code   RO         2095    i.USBD_ReqGetDescriptor  USB_CM3_L.lib(usbd_core.o)
    0x0800b844   0x00000034   Code   RO         2096    i.USBD_ReqGetInterface  USB_CM3_L.lib(usbd_core.o)
    0x0800b878   0x0000007c   Code   RO         2097    i.USBD_ReqGetStatus  USB_CM3_L.lib(usbd_core.o)
    0x0800b8f4   0x00000028   Code   RO         2098    i.USBD_ReqSetAddress  USB_CM3_L.lib(usbd_core.o)
    0x0800b91c   0x000000ec   Code   RO         2099    i.USBD_ReqSetClrFeature  USB_CM3_L.lib(usbd_core.o)
    0x0800ba08   0x00000228   Code   RO         2100    i.USBD_ReqSetConfiguration  USB_CM3_L.lib(usbd_core.o)
    0x0800bc30   0x00000184   Code   RO         2101    i.USBD_ReqSetInterface  USB_CM3_L.lib(usbd_core.o)
    0x0800bdb4   0x00000068   Code   RO         2102    i.USBD_ResetCore    USB_CM3_L.lib(usbd_core.o)
    0x0800be1c   0x00000018   Code   RO         2103    i.USBD_SetupStage   USB_CM3_L.lib(usbd_core.o)
    0x0800be34   0x00000010   Code   RO         2104    i.USBD_SignalDeviceEvent  USB_CM3_L.lib(usbd_core.o)
    0x0800be44   0x0000004c   Code   RO         2105    i.USBD_SignalEndpointEvent  USB_CM3_L.lib(usbd_core.o)
    0x0800be90   0x0000000c   Code   RO         2106    i.USBD_StatusInStage  USB_CM3_L.lib(usbd_core.o)
    0x0800be9c   0x00000012   Code   RO         2107    i.USBD_StatusInStageDone  USB_CM3_L.lib(usbd_core.o)
    0x0800beae   0x0000000c   Code   RO         2108    i.USBD_StatusOutStage  USB_CM3_L.lib(usbd_core.o)
    0x0800beba   0x00000002   PAD
    0x0800bebc   0x00000034   Code   RO         2109    i.USBD_StatusOutStageDone  USB_CM3_L.lib(usbd_core.o)
    0x0800bef0   0x00000018   Code   RO         2110    i.USBD_SwitchToHighSpeedCore  USB_CM3_L.lib(usbd_core.o)
    0x0800bf08   0x00000050   Code   RO         2035    i.__sys_close       FS_LFN_CM3_L.lib(fs_sys.o)
    0x0800bf58   0x00000044   Code   RO         2036    i.__sys_ensure      FS_LFN_CM3_L.lib(fs_sys.o)
    0x0800bf9c   0x00000040   Code   RO         2037    i.__sys_flen        FS_LFN_CM3_L.lib(fs_sys.o)
    0x0800bfdc   0x0000008c   Code   RO         2038    i.__sys_open        FS_LFN_CM3_L.lib(fs_sys.o)
    0x0800c068   0x00000060   Code   RO         2039    i.__sys_read        FS_LFN_CM3_L.lib(fs_sys.o)
    0x0800c0c8   0x00000048   Code   RO         2040    i.__sys_seek        FS_LFN_CM3_L.lib(fs_sys.o)
    0x0800c110   0x00000058   Code   RO         2041    i.__sys_write       FS_LFN_CM3_L.lib(fs_sys.o)
    0x0800c168   0x00000080   Code   RO         1927    i._fdelete          FS_LFN_CM3_L.lib(fs_mapi.o)
    0x0800c1e8   0x00000046   Code   RO         2620    i._init_box         RTX_CM4.lib(rt_membox.o)
    0x0800c22e   0x00000066   Code   RO         2848    i.alloc_clus        FS_LFN_CM3_L.lib(fs_fat.o)
    0x0800c294   0x00000098   Code   RO         2849    i.alloc_table_read  FS_LFN_CM3_L.lib(fs_fat.o)
    0x0800c32c   0x000000d8   Code   RO         2850    i.alloc_table_write  FS_LFN_CM3_L.lib(fs_fat.o)
    0x0800c404   0x000000b0   Code   RO         2851    i.bs_read           FS_LFN_CM3_L.lib(fs_fat.o)
    0x0800c4b4   0x00000092   Code   RO         2853    i.cache_fat         FS_LFN_CM3_L.lib(fs_fat.o)
    0x0800c546   0x00000060   Code   RO         2854    i.char_validate     FS_LFN_CM3_L.lib(fs_fat.o)
    0x0800c5a6   0x00000042   Code   RO         2855    i.clear_clus        FS_LFN_CM3_L.lib(fs_fat.o)
    0x0800c5e8   0x00000024   Code   RO         2856    i.clus_to_sect      FS_LFN_CM3_L.lib(fs_fat.o)
    0x0800c60c   0x00000030   Code   RO         2857    i.count_free_clus   FS_LFN_CM3_L.lib(fs_fat.o)
    0x0800c63c   0x000000d4   Code   RO         2858    i.create_dot_entries  FS_LFN_CM3_L.lib(fs_fat.o)
    0x0800c710   0x000000e4   Code   RO         2859    i.create_lfn_entry  FS_LFN_CM3_L.lib(fs_fat.o)
    0x0800c7f4   0x0000008a   Code   RO         2860    i.create_sfn_entry  FS_LFN_CM3_L.lib(fs_fat.o)
    0x0800c87e   0x00000002   PAD
    0x0800c880   0x00000030   Code   RO         2673    i.dbg_init          RTX_CM4.lib(hal_cm.o)
    0x0800c8b0   0x00000020   Code   RO         2674    i.dbg_task_notify   RTX_CM4.lib(hal_cm.o)
    0x0800c8d0   0x00000010   Code   RO         2675    i.dbg_task_switch   RTX_CM4.lib(hal_cm.o)
    0x0800c8e0   0x00000030   Code   RO         2861    i.entry_flush       FS_LFN_CM3_L.lib(fs_fat.o)
    0x0800c910   0x0000001c   Code   RO         2862    i.entry_pos_comp    FS_LFN_CM3_L.lib(fs_fat.o)
    0x0800c92c   0x0000005e   Code   RO         2863    i.entry_pos_inc     FS_LFN_CM3_L.lib(fs_fat.o)
    0x0800c98a   0x0000003c   Code   RO         2864    i.entry_read        FS_LFN_CM3_L.lib(fs_fat.o)
    0x0800c9c6   0x0000002e   Code   RO         2865    i.entry_type        FS_LFN_CM3_L.lib(fs_fat.o)
    0x0800c9f4   0x00000118   Code   RO         2868    i.fat_close         FS_LFN_CM3_L.lib(fs_fat.o)
    0x0800cb0c   0x00000030   Code   RO         2869    i.fat_crc32         FS_LFN_CM3_L.lib(fs_fat.o)
    0x0800cb3c   0x000001e0   Code   RO         2870    i.fat_delete        FS_LFN_CM3_L.lib(fs_fat.o)
    0x0800cd1c   0x00000020   Code   RO         2873    i.fat_flen          FS_LFN_CM3_L.lib(fs_fat.o)
    0x0800cd3c   0x00000048   Code   RO         2874    i.fat_flush         FS_LFN_CM3_L.lib(fs_fat.o)
    0x0800cd84   0x00000038   Code   RO         2877    i.fat_handle_get    FS_LFN_CM3_L.lib(fs_fat.o)
    0x0800cdbc   0x00000040   Code   RO         2878    i.fat_init          FS_LFN_CM3_L.lib(fs_fat.o)
    0x0800cdfc   0x000001b4   Code   RO         2882    i.fat_mount         FS_LFN_CM3_L.lib(fs_fat.o)
    0x0800cfb0   0x000001a0   Code   RO         2883    i.fat_open          FS_LFN_CM3_L.lib(fs_fat.o)
    0x0800d150   0x0000010c   Code   RO         2885    i.fat_read          FS_LFN_CM3_L.lib(fs_fat.o)
    0x0800d25c   0x000001f4   Code   RO         2890    i.fat_seek          FS_LFN_CM3_L.lib(fs_fat.o)
    0x0800d450   0x00000050   Code   RO         2892    i.fat_unmount       FS_LFN_CM3_L.lib(fs_fat.o)
    0x0800d4a0   0x0000006e   Code   RO         2893    i.fat_vol_chk       FS_LFN_CM3_L.lib(fs_fat.o)
    0x0800d50e   0x00000002   PAD
    0x0800d510   0x00000164   Code   RO         2894    i.fat_write         FS_LFN_CM3_L.lib(fs_fat.o)
    0x0800d674   0x00000048   Code   RO         2895    i.file_locked       FS_LFN_CM3_L.lib(fs_fat.o)
    0x0800d6bc   0x00000076   Code   RO         1981    i.fill_cid          FS_LFN_CM3_L.lib(fs_mc_mci.o)
    0x0800d732   0x00000050   Code   RO         2896    i.find_param        FS_LFN_CM3_L.lib(fs_fat.o)
    0x0800d782   0x00000002   PAD
    0x0800d784   0x00000058   Code   RO         1939    i.finit             FS_LFN_CM3_L.lib(fs_mapi.o)
    0x0800d7dc   0x00000050   Code   RO         1942    i.fmount            FS_LFN_CM3_L.lib(fs_mapi.o)
    0x0800d82c   0x0000002c   Code   RO         2897    i.format_date       FS_LFN_CM3_L.lib(fs_fat.o)
    0x0800d858   0x0000002e   Code   RO         2898    i.format_time       FS_LFN_CM3_L.lib(fs_fat.o)
    0x0800d886   0x000000ae   Code   RO         2899    i.frec_allocate     FS_LFN_CM3_L.lib(fs_fat.o)
    0x0800d934   0x00000058   Code   RO         2900    i.frec_delete       FS_LFN_CM3_L.lib(fs_fat.o)
    0x0800d98c   0x00000028   Code   RO         2901    i.frec_delete_elink  FS_LFN_CM3_L.lib(fs_fat.o)
    0x0800d9b4   0x00000200   Code   RO         2902    i.frec_find         FS_LFN_CM3_L.lib(fs_fat.o)
    0x0800dbb4   0x0000005a   Code   RO         2903    i.frec_find_elink   FS_LFN_CM3_L.lib(fs_fat.o)
    0x0800dc0e   0x00000002   PAD
    0x0800dc10   0x000001ac   Code   RO         2904    i.frec_next         FS_LFN_CM3_L.lib(fs_fat.o)
    0x0800ddbc   0x00000080   Code   RO         1946    i.fs_component_init  FS_LFN_CM3_L.lib(fs_mapi.o)
    0x0800de3c   0x00000094   Code   RO         2737    i.fs_drive_id       FS_LFN_CM3_L.lib(fs_common.o)
    0x0800ded0   0x0000001a   Code   RO         3088    i.fs_get_time       FS_LFN_CM3_L.lib(fs_time.o)
    0x0800deea   0x00000002   PAD
    0x0800deec   0x00000040   Code   RO         1905    i.fs_ioc_device_ctrl  FS_LFN_CM3_L.lib(fs_ioc.o)
    0x0800df2c   0x00000044   Code   RO         1906    i.fs_ioc_get_cache  FS_LFN_CM3_L.lib(fs_ioc.o)
    0x0800df70   0x0000002c   Code   RO         1907    i.fs_ioc_get_id     FS_LFN_CM3_L.lib(fs_ioc.o)
    0x0800df9c   0x0000003c   Code   RO         1908    i.fs_ioc_lock       FS_LFN_CM3_L.lib(fs_ioc.o)
    0x0800dfd8   0x00000040   Code   RO         1909    i.fs_ioc_read_info  FS_LFN_CM3_L.lib(fs_ioc.o)
    0x0800e018   0x00000048   Code   RO         1910    i.fs_ioc_read_sector  FS_LFN_CM3_L.lib(fs_ioc.o)
    0x0800e060   0x0000003c   Code   RO         1911    i.fs_ioc_unlock     FS_LFN_CM3_L.lib(fs_ioc.o)
    0x0800e09c   0x00000048   Code   RO         1912    i.fs_ioc_write_sector  FS_LFN_CM3_L.lib(fs_ioc.o)
    0x0800e0e4   0x00000020   Code   RO         2740    i.fs_set_cdrive     FS_LFN_CM3_L.lib(fs_common.o)
    0x0800e104   0x00000080   Code   RO         2905    i.fsinfo_read       FS_LFN_CM3_L.lib(fs_fat.o)
    0x0800e184   0x00000064   Code   RO         2906    i.fsinfo_write      FS_LFN_CM3_L.lib(fs_fat.o)
    0x0800e1e8   0x00000050   Code   RO         1948    i.funmount          FS_LFN_CM3_L.lib(fs_mapi.o)
    0x0800e238   0x00000022   Code   RO         2907    i.get_EOC           FS_LFN_CM3_L.lib(fs_fat.o)
    0x0800e25a   0x0000009a   Code   RO         1982    i.get_block_number  FS_LFN_CM3_L.lib(fs_mc_mci.o)
    0x0800e2f4   0x00000032   Code   RO         2909    i.get_fat_sect      FS_LFN_CM3_L.lib(fs_fat.o)
    0x0800e326   0x0000000e   Code   RO         2910    i.get_root_clus     FS_LFN_CM3_L.lib(fs_fat.o)
    0x0800e334   0x0000000a   Code   RO         2911    i.get_u16           FS_LFN_CM3_L.lib(fs_fat.o)
    0x0800e33e   0x00000016   Code   RO         2912    i.get_u32           FS_LFN_CM3_L.lib(fs_fat.o)
    0x0800e354   0x0000002a   Code   RO         1136    i.isrMessageGet     RTX_CM4.lib(rt_cmsis.o)
    0x0800e37e   0x0000002c   Code   RO         1137    i.isrMessagePut     RTX_CM4.lib(rt_cmsis.o)
    0x0800e3aa   0x00000028   Code   RO         1138    i.isrSemaphoreRelease  RTX_CM4.lib(rt_cmsis.o)
    0x0800e3d2   0x00000024   Code   RO         1139    i.isrSignalSet      RTX_CM4.lib(rt_cmsis.o)
    0x0800e3f6   0x00000002   PAD
    0x0800e3f8   0x00000028   Code   RO         2390    i.isr_evt_set       RTX_CM4.lib(rt_event.o)
    0x0800e420   0x00000052   Code   RO         2508    i.isr_mbx_receive   RTX_CM4.lib(rt_mailbox.o)
    0x0800e472   0x0000000e   Code   RO         2509    i.isr_mbx_send      RTX_CM4.lib(rt_mailbox.o)
    0x0800e480   0x00000010   Code   RO         2556    i.isr_sem_send      RTX_CM4.lib(rt_semaphore.o)
    0x0800e490   0x00000020   Code   RO         2922    i.lfn_char_cnt      FS_LFN_CM3_L.lib(fs_fat.o)
    0x0800e4b0   0x00000004   Code   RO         2923    i.link_clus         FS_LFN_CM3_L.lib(fs_fat.o)
    0x0800e4b4   0x00000028   Code   RO         2924    i.long_ent_hash     FS_LFN_CM3_L.lib(fs_fat.o)
    0x0800e4dc   0x0000007c   Code   RO         1983    i.mc_control_sleep  FS_LFN_CM3_L.lib(fs_mc_mci.o)
    0x0800e558   0x00000038   Code   RO         1984    i.mc_enable_acmd    FS_LFN_CM3_L.lib(fs_mc_mci.o)
    0x0800e590   0x00000116   Code   RO         1985    i.mc_mci_DevCtrl    FS_LFN_CM3_L.lib(fs_mc_mci.o)
    0x0800e6a6   0x00000044   Code   RO         1986    i.mc_mci_DrvEvent   FS_LFN_CM3_L.lib(fs_mc_mci.o)
    0x0800e6ea   0x00000002   PAD
    0x0800e6ec   0x000000dc   Code   RO         1987    i.mc_mci_Init       FS_LFN_CM3_L.lib(fs_mc_mci.o)
    0x0800e7c8   0x0000001a   Code   RO         1988    i.mc_mci_ReadInfo   FS_LFN_CM3_L.lib(fs_mc_mci.o)
    0x0800e7e2   0x00000002   PAD
    0x0800e7e4   0x00000140   Code   RO         1989    i.mc_mci_ReadSector  FS_LFN_CM3_L.lib(fs_mc_mci.o)
    0x0800e924   0x00000036   Code   RO         1990    i.mc_mci_UnInit     FS_LFN_CM3_L.lib(fs_mc_mci.o)
    0x0800e95a   0x00000002   PAD
    0x0800e95c   0x00000158   Code   RO         1991    i.mc_mci_WriteSector  FS_LFN_CM3_L.lib(fs_mc_mci.o)
    0x0800eab4   0x00000510   Code   RO         1992    i.mc_native_init    FS_LFN_CM3_L.lib(fs_mc_mci.o)
    0x0800efc4   0x00000030   Code   RO         1993    i.mc_read_status    FS_LFN_CM3_L.lib(fs_mc_mci.o)
    0x0800eff4   0x0000003e   Code   RO         1994    i.mc_select_deselect  FS_LFN_CM3_L.lib(fs_mc_mci.o)
    0x0800f032   0x0000003a   Code   RO         1995    i.mc_sleep_awake    FS_LFN_CM3_L.lib(fs_mc_mci.o)
    0x0800f06c   0x00000030   Code   RO         1996    i.mc_stop_transmission  FS_LFN_CM3_L.lib(fs_mc_mci.o)
    0x0800f09c   0x00000038   Code   RO         1997    i.mc_switch         FS_LFN_CM3_L.lib(fs_mc_mci.o)
    0x0800f0d4   0x00000072   Code   RO         1998    i.mc_switch_func    FS_LFN_CM3_L.lib(fs_mc_mci.o)
    0x0800f146   0x00000002   PAD
    0x0800f148   0x00000044   Code   RO         1999    i.mc_wfe            FS_LFN_CM3_L.lib(fs_mc_mci.o)
    0x0800f18c   0x0000000a   Code   RO         2000    i.mci_bus_speed     FS_LFN_CM3_L.lib(fs_mc_mci.o)
    0x0800f196   0x00000016   Code   RO         2001    i.mci_bus_speed_mode  FS_LFN_CM3_L.lib(fs_mc_mci.o)
    0x0800f1ac   0x00000016   Code   RO         2002    i.mci_bus_width     FS_LFN_CM3_L.lib(fs_mc_mci.o)
    0x0800f1c2   0x00000016   Code   RO         2003    i.mci_cmd_bus_mode  FS_LFN_CM3_L.lib(fs_mc_mci.o)
    0x0800f1d8   0x000000ac   Code   RO         2926    i.name_analyse      FS_LFN_CM3_L.lib(fs_fat.o)
    0x0800f284   0x000000b4   Code   RO         2927    i.name_basis_gen    FS_LFN_CM3_L.lib(fs_fat.o)
    0x0800f338   0x00000008   Code   RO         2928    i.name_hash         FS_LFN_CM3_L.lib(fs_fat.o)
    0x0800f340   0x00000128   Code   RO         2929    i.name_nt_gen       FS_LFN_CM3_L.lib(fs_fat.o)
    0x0800f468   0x00000052   Code   RO         2930    i.name_strip        FS_LFN_CM3_L.lib(fs_fat.o)
    0x0800f4ba   0x00000002   PAD
    0x0800f4bc   0x00000018   Code   RO         1140    i.osDelay           RTX_CM4.lib(rt_cmsis.o)
    0x0800f4d4   0x00000024   Code   RO         1141    i.osKernelInitialize  RTX_CM4.lib(rt_cmsis.o)
    0x0800f4f8   0x0000006c   Code   RO         1143    i.osKernelStart     RTX_CM4.lib(rt_cmsis.o)
    0x0800f564   0x00000018   Code   RO         1144    i.osKernelSysTick   RTX_CM4.lib(rt_cmsis.o)
    0x0800f57c   0x00000018   Code   RO         1152    i.osMessageGet      RTX_CM4.lib(rt_cmsis.o)
    0x0800f594   0x00000030   Code   RO         1162    i.osSemaphoreCreate  RTX_CM4.lib(rt_cmsis.o)
    0x0800f5c4   0x00000018   Code   RO         1164    i.osSemaphoreRelease  RTX_CM4.lib(rt_cmsis.o)
    0x0800f5dc   0x00000018   Code   RO         1165    i.osSemaphoreWait   RTX_CM4.lib(rt_cmsis.o)
    0x0800f5f4   0x00000018   Code   RO         1167    i.osSignalSet       RTX_CM4.lib(rt_cmsis.o)
    0x0800f60c   0x00000018   Code   RO         1168    i.osSignalWait      RTX_CM4.lib(rt_cmsis.o)
    0x0800f624   0x00000030   Code   RO         1169    i.osThreadCreate    RTX_CM4.lib(rt_cmsis.o)
    0x0800f654   0x00000018   Code   RO         1170    i.osThreadExit      RTX_CM4.lib(rt_cmsis.o)
    0x0800f66c   0x00000018   Code   RO         1174    i.osThreadTerminate  RTX_CM4.lib(rt_cmsis.o)
    0x0800f684   0x0000000c   Code   RO         1176    i.osTimerCall       RTX_CM4.lib(rt_cmsis.o)
    0x0800f690   0x00000034   Code   RO         1177    i.osTimerCreate     RTX_CM4.lib(rt_cmsis.o)
    0x0800f6c4   0x00000018   Code   RO         1179    i.osTimerStart      RTX_CM4.lib(rt_cmsis.o)
    0x0800f6dc   0x00000018   Code   RO         1180    i.osTimerStop       RTX_CM4.lib(rt_cmsis.o)
    0x0800f6f4   0x0000002c   Code   RO         1181    i.osTimerThread     RTX_CM4.lib(rt_cmsis.o)
    0x0800f720   0x00000028   Code   RO         2300    i.os_tick_init      RTX_CM4.lib(rt_system.o)
    0x0800f748   0x00000002   Code   RO         2301    i.os_tick_irqack    RTX_CM4.lib(rt_system.o)
    0x0800f74a   0x00000002   PAD
    0x0800f74c   0x00000010   Code   RO         2302    i.os_tick_ovf       RTX_CM4.lib(rt_system.o)
    0x0800f75c   0x00000014   Code   RO         2303    i.os_tick_val       RTX_CM4.lib(rt_system.o)
    0x0800f770   0x00000220   Code   RO         2931    i.path_create       FS_LFN_CM3_L.lib(fs_fat.o)
    0x0800f990   0x00000034   Code   RO         2932    i.path_init         FS_LFN_CM3_L.lib(fs_fat.o)
    0x0800f9c4   0x000000a6   Code   RO         2933    i.path_open         FS_LFN_CM3_L.lib(fs_fat.o)
    0x0800fa6a   0x00000002   PAD
    0x0800fa6c   0x0000003c   Code   RO         2934    i.path_validate     FS_LFN_CM3_L.lib(fs_fat.o)
    0x0800faa8   0x0000007a   Code   RO         2935    i.read_cache        FS_LFN_CM3_L.lib(fs_fat.o)
    0x0800fb22   0x00000052   Code   RO         2936    i.read_sector       FS_LFN_CM3_L.lib(fs_fat.o)
    0x0800fb74   0x0000001a   Code   RO         2621    i.rt_alloc_box      RTX_CM4.lib(rt_membox.o)
    0x0800fb8e   0x0000003e   Code   RO         2649    i.rt_alloc_mem      RTX_CM4.lib(rt_memory.o)
    0x0800fbcc   0x00000038   Code   RO         1758    i.rt_block          RTX_CM4.lib(rt_task.o)
    0x0800fc04   0x00000048   Code   RO         2598    i.rt_chk_robin      RTX_CM4.lib(rt_robin.o)
    0x0800fc4c   0x00000070   Code   RO         2432    i.rt_dec_dly        RTX_CM4.lib(rt_list.o)
    0x0800fcbc   0x00000044   Code   RO         1759    i.rt_dispatch       RTX_CM4.lib(rt_task.o)
    0x0800fd00   0x00000006   Code   RO         1842    i.rt_dly_wait       RTX_CM4.lib(rt_time.o)
    0x0800fd06   0x00000002   PAD
    0x0800fd08   0x00000050   Code   RO         2393    i.rt_evt_psh        RTX_CM4.lib(rt_event.o)
    0x0800fd58   0x0000005c   Code   RO         2394    i.rt_evt_set        RTX_CM4.lib(rt_event.o)
    0x0800fdb4   0x0000003c   Code   RO         2395    i.rt_evt_wait       RTX_CM4.lib(rt_event.o)
    0x0800fdf0   0x00000020   Code   RO         2622    i.rt_free_box       RTX_CM4.lib(rt_membox.o)
    0x0800fe10   0x00000028   Code   RO         2650    i.rt_free_mem       RTX_CM4.lib(rt_memory.o)
    0x0800fe38   0x00000028   Code   RO         2433    i.rt_get_first      RTX_CM4.lib(rt_list.o)
    0x0800fe60   0x00000008   Code   RO         1186    i.rt_id2obj         RTX_CM4.lib(rt_cmsis.o)
    0x0800fe68   0x00000048   Code   RO         1760    i.rt_init_context   RTX_CM4.lib(rt_task.o)
    0x0800feb0   0x0000001a   Code   RO         2651    i.rt_init_mem       RTX_CM4.lib(rt_memory.o)
    0x0800feca   0x00000002   PAD
    0x0800fecc   0x00000018   Code   RO         2599    i.rt_init_robin     RTX_CM4.lib(rt_robin.o)
    0x0800fee4   0x00000080   Code   RO         2676    i.rt_init_stack     RTX_CM4.lib(hal_cm.o)
    0x0800ff64   0x00000008   Code   RO         2510    i.rt_mbx_check      RTX_CM4.lib(rt_mailbox.o)
    0x0800ff6c   0x0000001a   Code   RO         2511    i.rt_mbx_init       RTX_CM4.lib(rt_mailbox.o)
    0x0800ff86   0x00000002   PAD
    0x0800ff88   0x000000f0   Code   RO         2512    i.rt_mbx_psh        RTX_CM4.lib(rt_mailbox.o)
    0x08010078   0x000000b4   Code   RO         2514    i.rt_mbx_wait       RTX_CM4.lib(rt_mailbox.o)
    0x0801012c   0x0000003c   Code   RO         1187    i.rt_ms2tick        RTX_CM4.lib(rt_cmsis.o)
    0x08010168   0x00000010   Code   RO         1876    i.rt_mut_init       RTX_CM4.lib(rt_mutex.o)
    0x08010178   0x000000d8   Code   RO         1877    i.rt_mut_release    RTX_CM4.lib(rt_mutex.o)
    0x08010250   0x00000068   Code   RO         1878    i.rt_mut_wait       RTX_CM4.lib(rt_mutex.o)
    0x080102b8   0x0000007c   Code   RO         2304    i.rt_pop_req        RTX_CM4.lib(rt_system.o)
    0x08010334   0x00000020   Code   RO         2305    i.rt_psh_req        RTX_CM4.lib(rt_system.o)
    0x08010354   0x0000005c   Code   RO         2435    i.rt_psq_enq        RTX_CM4.lib(rt_list.o)
    0x080103b0   0x00000048   Code   RO         2436    i.rt_put_dly        RTX_CM4.lib(rt_list.o)
    0x080103f8   0x00000036   Code   RO         2437    i.rt_put_prio       RTX_CM4.lib(rt_list.o)
    0x0801042e   0x00000002   PAD
    0x08010430   0x00000014   Code   RO         2438    i.rt_put_rdy_first  RTX_CM4.lib(rt_list.o)
    0x08010444   0x00000034   Code   RO         2439    i.rt_resort_prio    RTX_CM4.lib(rt_list.o)
    0x08010478   0x00000010   Code   RO         2677    i.rt_ret_regs       RTX_CM4.lib(hal_cm.o)
    0x08010488   0x0000000c   Code   RO         2678    i.rt_ret_val        RTX_CM4.lib(hal_cm.o)
    0x08010494   0x00000010   Code   RO         2679    i.rt_ret_val2       RTX_CM4.lib(hal_cm.o)
    0x080104a4   0x00000028   Code   RO         2440    i.rt_rmv_dly        RTX_CM4.lib(rt_list.o)
    0x080104cc   0x00000030   Code   RO         2441    i.rt_rmv_list       RTX_CM4.lib(rt_list.o)
    0x080104fc   0x0000000c   Code   RO         2558    i.rt_sem_init       RTX_CM4.lib(rt_semaphore.o)
    0x08010508   0x00000034   Code   RO         2559    i.rt_sem_psh        RTX_CM4.lib(rt_semaphore.o)
    0x0801053c   0x0000002a   Code   RO         2560    i.rt_sem_send       RTX_CM4.lib(rt_semaphore.o)
    0x08010566   0x00000002   PAD
    0x08010568   0x00000040   Code   RO         2561    i.rt_sem_wait       RTX_CM4.lib(rt_semaphore.o)
    0x080105a8   0x00000024   Code   RO         2307    i.rt_stk_check      RTX_CM4.lib(rt_system.o)
    0x080105cc   0x00000028   Code   RO         1761    i.rt_switch_req     RTX_CM4.lib(rt_task.o)
    0x080105f4   0x000000cc   Code   RO         1762    i.rt_sys_init       RTX_CM4.lib(rt_task.o)
    0x080106c0   0x00000078   Code   RO         1763    i.rt_sys_start      RTX_CM4.lib(rt_task.o)
    0x08010738   0x00000040   Code   RO         2309    i.rt_systick        RTX_CM4.lib(rt_system.o)
    0x08010778   0x00000012   Code   RO         1188    i.rt_tid2ptcb       RTX_CM4.lib(rt_cmsis.o)
    0x0801078a   0x00000002   PAD
    0x0801078c   0x00000034   Code   RO         1189    i.rt_timer_insert   RTX_CM4.lib(rt_cmsis.o)
    0x080107c0   0x0000003c   Code   RO         1190    i.rt_timer_remove   RTX_CM4.lib(rt_cmsis.o)
    0x080107fc   0x00000080   Code   RO         1764    i.rt_tsk_create     RTX_CM4.lib(rt_task.o)
    0x0801087c   0x00000174   Code   RO         1765    i.rt_tsk_delete     RTX_CM4.lib(rt_task.o)
    0x080109f0   0x0000007c   Code   RO         1767    i.rt_tsk_prio       RTX_CM4.lib(rt_task.o)
    0x08010a6c   0x00000010   Code   RO         1768    i.rt_tsk_self       RTX_CM4.lib(rt_task.o)
    0x08010a7c   0x00000008   Code   RO         2937    i.set_u16           FS_LFN_CM3_L.lib(fs_fat.o)
    0x08010a84   0x00000010   Code   RO         2938    i.set_u32           FS_LFN_CM3_L.lib(fs_fat.o)
    0x08010a94   0x00000048   Code   RO         2939    i.sfn_extract       FS_LFN_CM3_L.lib(fs_fat.o)
    0x08010adc   0x0000001a   Code   RO         2940    i.short_ent_hash    FS_LFN_CM3_L.lib(fs_fat.o)
    0x08010af6   0x0000001e   Code   RO         2941    i.sn_chksum         FS_LFN_CM3_L.lib(fs_fat.o)
    0x08010b14   0x00000014   Code   RO         1191    i.svcDelay          RTX_CM4.lib(rt_cmsis.o)
    0x08010b28   0x00000070   Code   RO         1192    i.svcKernelInitialize  RTX_CM4.lib(rt_cmsis.o)
    0x08010b98   0x00000048   Code   RO         1194    i.svcKernelStart    RTX_CM4.lib(rt_cmsis.o)
    0x08010be0   0x00000038   Code   RO         1195    i.svcKernelSysTick  RTX_CM4.lib(rt_cmsis.o)
    0x08010c18   0x00000024   Code   RO         1197    i.svcMessageCreate  RTX_CM4.lib(rt_cmsis.o)
    0x08010c3c   0x0000003a   Code   RO         1198    i.svcMessageGet     RTX_CM4.lib(rt_cmsis.o)
    0x08010c76   0x00000024   Code   RO         1205    i.svcSemaphoreCreate  RTX_CM4.lib(rt_cmsis.o)
    0x08010c9a   0x00000028   Code   RO         1207    i.svcSemaphoreRelease  RTX_CM4.lib(rt_cmsis.o)
    0x08010cc2   0x00000032   Code   RO         1208    i.svcSemaphoreWait  RTX_CM4.lib(rt_cmsis.o)
    0x08010cf4   0x00000024   Code   RO         1210    i.svcSignalSet      RTX_CM4.lib(rt_cmsis.o)
    0x08010d18   0x00000054   Code   RO         1211    i.svcSignalWait     RTX_CM4.lib(rt_cmsis.o)
    0x08010d6c   0x00000070   Code   RO         1212    i.svcThreadCreate   RTX_CM4.lib(rt_cmsis.o)
    0x08010ddc   0x0000001c   Code   RO         1213    i.svcThreadGetId    RTX_CM4.lib(rt_cmsis.o)
    0x08010df8   0x00000038   Code   RO         1216    i.svcThreadTerminate  RTX_CM4.lib(rt_cmsis.o)
    0x08010e30   0x00000018   Code   RO         1218    i.svcTimerCall      RTX_CM4.lib(rt_cmsis.o)
    0x08010e48   0x00000038   Code   RO         1219    i.svcTimerCreate    RTX_CM4.lib(rt_cmsis.o)
    0x08010e80   0x00000064   Code   RO         1221    i.svcTimerStart     RTX_CM4.lib(rt_cmsis.o)
    0x08010ee4   0x00000024   Code   RO         1222    i.svcTimerStop      RTX_CM4.lib(rt_cmsis.o)
    0x08010f08   0x0000005c   Code   RO         1227    i.sysTimerTick      RTX_CM4.lib(rt_cmsis.o)
    0x08010f64   0x0000005c   Code   RO         2943    i.unlink_clus       FS_LFN_CM3_L.lib(fs_fat.o)
    0x08010fc0   0x000000ae   Code   RO         2944    i.write_cache       FS_LFN_CM3_L.lib(fs_fat.o)
    0x0801106e   0x00000030   Code   RO         2945    i.write_sector      FS_LFN_CM3_L.lib(fs_fat.o)
    0x0801109e   0x00000002   PAD
    0x080110a0   0x0000002c   Code   RO         3361    locale$$code        c_w.l(lc_ctype_c.o)
    0x080110cc   0x0000000a   Code   RO         3381    x$fpl$fpinit        fz_wm.l(fpinit.o)
    0x080110d6   0x00001000   Data   RO          151    .constdata          memorydiskimage.o
    0x080120d6   0x00001500   Data   RO          255    .constdata          glcd_fonts.o
    0x080135d6   0x00000002   PAD
    0x080135d8   0x00000010   Data   RO          257    .constdata          glcd_fonts.o
    0x080135e8   0x00000040   Data   RO          297    .constdata          led_mcbstm32f400.o
    0x08013628   0x00000002   Data   RO          329    .constdata          rtx_conf_cm.o
    0x0801362a   0x00000002   PAD
    0x0801362c   0x00000004   Data   RO          330    .constdata          rtx_conf_cm.o
    0x08013630   0x00000004   Data   RO          331    .constdata          rtx_conf_cm.o
    0x08013634   0x00000002   Data   RO          333    .constdata          rtx_conf_cm.o
    0x08013636   0x00000002   Data   RO          334    .constdata          rtx_conf_cm.o
    0x08013638   0x00000004   Data   RO          335    .constdata          rtx_conf_cm.o
    0x0801363c   0x00000001   Data   RO          336    .constdata          rtx_conf_cm.o
    0x0801363d   0x00000003   PAD
    0x08013640   0x00000010   Data   RO          337    .constdata          rtx_conf_cm.o
    0x08013650   0x00000002   Data   RO          338    .constdata          rtx_conf_cm.o
    0x08013652   0x00000002   PAD
    0x08013654   0x00000004   Data   RO          339    .constdata          rtx_conf_cm.o
    0x08013658   0x00000004   Data   RO          340    .constdata          rtx_conf_cm.o
    0x0801365c   0x00000001   Data   RO          341    .constdata          rtx_conf_cm.o
    0x0801365d   0x00000003   PAD
    0x08013660   0x00000010   Data   RO          342    .constdata          rtx_conf_cm.o
    0x08013670   0x00000008   Data   RO          343    .constdata          rtx_conf_cm.o
    0x08013678   0x00000002   Data   RO          344    .constdata          rtx_conf_cm.o
    0x0801367a   0x00000002   PAD
    0x0801367c   0x00000008   Data   RO          379    .constdata          mci_stm32f4xx.o
    0x08013684   0x00000034   Data   RO          380    .constdata          mci_stm32f4xx.o
    0x080136b8   0x00000008   Data   RO          491    .constdata          usbd_fs_stm32f4xx.o
    0x080136c0   0x00000048   Data   RO          492    .constdata          usbd_fs_stm32f4xx.o
    0x08013708   0x00000008   Data   RO          526    .constdata          usbd_hs_stm32f4xx.o
    0x08013710   0x00000048   Data   RO          527    .constdata          usbd_hs_stm32f4xx.o
    0x08013758   0x00000007   Data   RO          553    .constdata          retarget_io.o
    0x0801375f   0x00000008   Data   RO          554    .constdata          retarget_io.o
    0x08013767   0x00000008   Data   RO          555    .constdata          retarget_io.o
    0x0801376f   0x00000010   Data   RO          771    .constdata          stm32f4xx_hal_rcc.o
    0x0801377f   0x00000001   Data   RO          907    .constdata          fs_config.o
    0x08013780   0x00000001   Data   RO          908    .constdata          fs_config.o
    0x08013781   0x00000001   Data   RO          909    .constdata          fs_config.o
    0x08013782   0x00000002   PAD
    0x08013784   0x00000018   Data   RO          914    .constdata          fs_config.o
    0x0801379c   0x00000008   Data   RO          915    .constdata          fs_config.o
    0x080137a4   0x00000010   Data   RO          945    .constdata          usbd_config_0.o
    0x080137b4   0x00000018   Data   RO          946    .constdata          usbd_config_0.o
    0x080137cc   0x00000021   Data   RO          947    .constdata          usbd_config_0.o
    0x080137ed   0x00000007   Data   RO          948    .constdata          usbd_config_0.o
    0x080137f4   0x00000012   Data   RO          949    .constdata          usbd_config_0.o
    0x08013806   0x00000041   Data   RO          950    .constdata          usbd_config_0.o
    0x08013847   0x00000001   Data   RO          951    .constdata          usbd_config_0.o
    0x08013848   0x00000001   Data   RO          952    .constdata          usbd_config_0.o
    0x08013849   0x00000001   Data   RO          953    .constdata          usbd_config_0.o
    0x0801384a   0x00000001   Data   RO          954    .constdata          usbd_config_0.o
    0x0801384b   0x00000001   Data   RO          955    .constdata          usbd_config_0.o
    0x0801384c   0x00000082   Data   RO          956    .constdata          usbd_config_0.o
    0x080138ce   0x00000002   PAD
    0x080138d0   0x00000010   Data   RO         1023    .constdata          usbd_config_1.o
    0x080138e0   0x00000018   Data   RO         1024    .constdata          usbd_config_1.o
    0x080138f8   0x00000004   Data   RO         1025    .constdata          usbd_config_1.o
    0x080138fc   0x00000004   Data   RO         1026    .constdata          usbd_config_1.o
    0x08013900   0x00000008   Data   RO         1027    .constdata          usbd_config_1.o
    0x08013908   0x00000001   Data   RO         1028    .constdata          usbd_config_1.o
    0x08013909   0x00000003   PAD
    0x0801390c   0x00000008   Data   RO         1029    .constdata          usbd_config_1.o
    0x08013914   0x00000010   Data   RO         1030    .constdata          usbd_config_1.o
    0x08013924   0x00000010   Data   RO         1031    .constdata          usbd_config_1.o
    0x08013934   0x00000008   Data   RO         1032    .constdata          usbd_config_1.o
    0x0801393c   0x00000008   Data   RO         1033    .constdata          usbd_config_1.o
    0x08013944   0x00000008   Data   RO         1034    .constdata          usbd_config_1.o
    0x0801394c   0x00000008   Data   RO         1035    .constdata          usbd_config_1.o
    0x08013954   0x00000001   Data   RO         1036    .constdata          usbd_config_1.o
    0x08013955   0x00000003   PAD
    0x08013958   0x00000070   Data   RO         1037    .constdata          usbd_config_1.o
    0x080139c8   0x00000010   Data   RO         1038    .constdata          usbd_config_1.o
    0x080139d8   0x00000010   Data   RO         1039    .constdata          usbd_config_1.o
    0x080139e8   0x00000008   Data   RO         1040    .constdata          usbd_config_1.o
    0x080139f0   0x00000001   Data   RO         1041    .constdata          usbd_config_1.o
    0x080139f1   0x00000003   PAD
    0x080139f4   0x00000030   Data   RO         1042    .constdata          usbd_config_1.o
    0x08013a24   0x00000010   Data   RO         1043    .constdata          usbd_config_1.o
    0x08013a34   0x00000001   Data   RO         1044    .constdata          usbd_config_1.o
    0x08013a35   0x00000003   PAD
    0x08013a38   0x00000008   Data   RO         1045    .constdata          usbd_config_1.o
    0x08013a40   0x00000008   Data   RO         1046    .constdata          usbd_config_1.o
    0x08013a48   0x00000008   Data   RO         1047    .constdata          usbd_config_1.o
    0x08013a50   0x00000008   Data   RO         1048    .constdata          usbd_config_1.o
    0x08013a58   0x00000008   Data   RO         1049    .constdata          usbd_config_1.o
    0x08013a60   0x00000008   Data   RO         1050    .constdata          usbd_config_1.o
    0x08013a68   0x00000008   Data   RO         1051    .constdata          usbd_config_1.o
    0x08013a70   0x00000008   Data   RO         1052    .constdata          usbd_config_1.o
    0x08013a78   0x00000008   Data   RO         1053    .constdata          usbd_config_1.o
    0x08013a80   0x00000008   Data   RO         1054    .constdata          usbd_config_1.o
    0x08013a88   0x00000008   Data   RO         1055    .constdata          usbd_config_1.o
    0x08013a90   0x00000008   Data   RO         1056    .constdata          usbd_config_1.o
    0x08013a98   0x00000008   Data   RO         1057    .constdata          usbd_config_1.o
    0x08013aa0   0x00000008   Data   RO         1058    .constdata          usbd_config_1.o
    0x08013aa8   0x00000008   Data   RO         1059    .constdata          usbd_config_1.o
    0x08013ab0   0x00000008   Data   RO         1060    .constdata          usbd_config_1.o
    0x08013ab8   0x00000008   Data   RO         1061    .constdata          usbd_config_1.o
    0x08013ac0   0x00000008   Data   RO         1062    .constdata          usbd_config_1.o
    0x08013ac8   0x00000021   Data   RO         1068    .constdata          usbd_config_1.o
    0x08013ae9   0x00000003   PAD
    0x08013aec   0x00000008   Data   RO         1069    .constdata          usbd_config_1.o
    0x08013af4   0x00000007   Data   RO         1070    .constdata          usbd_config_1.o
    0x08013afb   0x00000012   Data   RO         1071    .constdata          usbd_config_1.o
    0x08013b0d   0x00000041   Data   RO         1072    .constdata          usbd_config_1.o
    0x08013b4e   0x0000000a   Data   RO         1073    .constdata          usbd_config_1.o
    0x08013b58   0x0000000a   Data   RO         1074    .constdata          usbd_config_1.o
    0x08013b62   0x00000041   Data   RO         1075    .constdata          usbd_config_1.o
    0x08013ba3   0x00000041   Data   RO         1076    .constdata          usbd_config_1.o
    0x08013be4   0x00000041   Data   RO         1077    .constdata          usbd_config_1.o
    0x08013c25   0x00000001   PAD
    0x08013c26   0x00000082   Data   RO         1078    .constdata          usbd_config_1.o
    0x08013ca8   0x00000010   Data   RO         2004    .constdata          FS_LFN_CM3_L.lib(fs_mc_mci.o)
    0x08013cb8   0x00000020   Data   RO         2195    .constdata          USB_CM3_L.lib(usbd_hid.o)
    0x08013cd8   0x000004ac   Data   RO         2946    .constdata          FS_LFN_CM3_L.lib(fs_fat.o)
    0x08014184   0x0000003d   Data   RO         1079    .conststring        usbd_config_1.o
    0x080141c1   0x00000003   PAD
    0x080141c4   0x00000020   Data   RO         3441    Region$$Table       anon$$obj.o
    0x080141e4   0x00000110   Data   RO         3360    locale$$data        c_w.l(lc_ctype_c.o)


    Execution Region RW_IRAM1 (Base: 0x20000000, Size: 0x0000e970, Max: 0x00020000, ABSOLUTE, COMPRESSED[0x00000090])

    Base Addr    Size         Type   Attr      Idx    E Section Name        Object

    0x20000000   0x00000008   Data   RW          180    .data               usbd_user_msc_1.o
    0x20000008   0x0000000c   Data   RW          271    .data               glcd_mcbstm32f400.o
    0x20000014   0x00000004   Data   RW          346    .data               rtx_conf_cm.o
    0x20000018   0x00000010   Data   RW          347    .data               rtx_conf_cm.o
    0x20000028   0x00000004   Data   RW          348    .data               rtx_conf_cm.o
    0x2000002c   0x00000004   Data   RW          349    .data               rtx_conf_cm.o
    0x20000030   0x00000004   Data   RW          350    .data               rtx_conf_cm.o
    0x20000034   0x00000002   Data   RW          419    .data               otg_fs_stm32f4xx.o
    0x20000036   0x00000001   Data   RW          420    .data               otg_fs_stm32f4xx.o
    0x20000037   0x00000002   Data   RW          459    .data               otg_hs_stm32f4xx.o
    0x20000039   0x00000001   Data   RW          460    .data               otg_hs_stm32f4xx.o
    0x2000003a   0x00000002   PAD
    0x2000003c   0x0000001c   Data   RW          493    .data               usbd_fs_stm32f4xx.o
    0x20000058   0x0000001c   Data   RW          528    .data               usbd_hs_stm32f4xx.o
    0x20000074   0x00000004   Data   RW          556    .data               retarget_io.o
    0x20000078   0x00000004   Data   RW          597    .data               stm32f4xx_hal.o
    0x2000007c   0x00000014   Data   RW          878    .data               system_stm32f4xx.o
    0x20000090   0x00000004   Data   RW          916    .data               fs_config.o
    0x20000094   0x00000008   Data   RW          957    .data               usbd_config_0.o
    0x2000009c   0x00000024   Data   RW          958    .data               usbd_config_0.o
    0x200000c0   0x00000002   Data   RW          959    .data               usbd_config_0.o
    0x200000c2   0x00000002   PAD
    0x200000c4   0x00000008   Data   RW          960    .data               usbd_config_0.o
    0x200000cc   0x00000008   Data   RW         1080    .data               usbd_config_1.o
    0x200000d4   0x00000008   Data   RW         1081    .data               usbd_config_1.o
    0x200000dc   0x00000008   Data   RW         1082    .data               usbd_config_1.o
    0x200000e4   0x00000018   Data   RW         1083    .data               usbd_config_1.o
    0x200000fc   0x00000008   Data   RW         1084    .data               usbd_config_1.o
    0x20000104   0x00000008   Data   RW         1085    .data               usbd_config_1.o
    0x2000010c   0x00000008   Data   RW         1086    .data               usbd_config_1.o
    0x20000114   0x00000024   Data   RW         1087    .data               usbd_config_1.o
    0x20000138   0x00000008   Data   RW         1088    .data               usbd_config_1.o
    0x20000140   0x00000002   Data   RW         1089    .data               usbd_config_1.o
    0x20000142   0x00000002   PAD
    0x20000144   0x00000008   Data   RW         1090    .data               usbd_config_1.o
    0x2000014c   0x00000008   Data   RW         1091    .data               usbd_config_1.o
    0x20000154   0x00000008   Data   RW         1092    .data               usbd_config_1.o
    0x2000015c   0x00000008   Data   RW         1093    .data               usbd_config_1.o
    0x20000164   0x00000002   Data   RW         1094    .data               usbd_config_1.o
    0x20000166   0x00000002   Data   RW         1095    .data               usbd_config_1.o
    0x20000168   0x00000001   Data   RW         1096    .data               usbd_config_1.o
    0x20000169   0x00000003   PAD
    0x2000016c   0x00000001   Data   RW         1097    .data               usbd_config_1.o
    0x2000016d   0x00000003   PAD
    0x20000170   0x00000001   Data   RW         1098    .data               usbd_config_1.o
    0x20000171   0x00000003   PAD
    0x20000174   0x00000001   Data   RW         1099    .data               usbd_config_1.o
    0x20000175   0x00000001   PAD
    0x20000176   0x00000002   Data   RW         1100    .data               usbd_config_1.o
    0x20000178   0x00000002   Data   RW         1101    .data               usbd_config_1.o
    0x2000017a   0x00000001   Data   RW         1102    .data               usbd_config_1.o
    0x2000017b   0x00000001   PAD
    0x2000017c   0x00000001   Data   RW         1103    .data               usbd_config_1.o
    0x2000017d   0x00000003   PAD
    0x20000180   0x00000001   Data   RW         1104    .data               usbd_config_1.o
    0x20000181   0x00000003   PAD
    0x20000184   0x00000001   Data   RW         1105    .data               usbd_config_1.o
    0x20000185   0x00000003   PAD
    0x20000188   0x00000008   Data   RW         1106    .data               usbd_config_1.o
    0x20000190   0x00000008   Data   RW         1230    .data               RTX_CM4.lib(rt_cmsis.o)
    0x20000198   0x00000008   Data   RW         1770    .data               RTX_CM4.lib(rt_task.o)
    0x200001a0   0x00000004   Data   RW         1846    .data               RTX_CM4.lib(rt_time.o)
    0x200001a4   0x00000001   Data   RW         1950    .data               FS_LFN_CM3_L.lib(fs_mapi.o)
    0x200001a5   0x00000003   PAD
    0x200001a8   0x00000008   Data   RW         2312    .data               RTX_CM4.lib(rt_system.o)
    0x200001b0   0x00000008   Data   RW         2600    .data               RTX_CM4.lib(rt_robin.o)
    0x200001b8   0x00000001   Data   RW         2680    .data               RTX_CM4.lib(hal_cm.o)
    0x200001b9   0x00000001   Data   RW         2742    .data               FS_LFN_CM3_L.lib(fs_common.o)
    0x200001ba   0x00000002   PAD
    0x200001bc   0x00000004   Data   RW         3105    .data               c_w.l(streamlock.o)
    0x200001c0   0x00000004   Data   RW         3148    .data               c_w.l(stdio_streams.o)
    0x200001c4   0x00000004   Data   RW         3149    .data               c_w.l(stdio_streams.o)
    0x200001c8   0x00000004   Data   RW         3150    .data               c_w.l(stdio_streams.o)
    0x200001cc   0x00002200   Zero   RW          159    .bss                usbd_user_msc_0.o
    0x200023cc   0x00000044   Zero   RW          270    .bss                glcd_mcbstm32f400.o
    0x20002410   0x00000020   Zero   RW          322    .bss                rtx_conf_cm.o
    0x20002430   0x00000178   Zero   RW          323    .bss                rtx_conf_cm.o
    0x200025a8   0x00000fb0   Zero   RW          324    .bss                rtx_conf_cm.o
    0x20003558   0x000010d8   Zero   RW          325    .bss                rtx_conf_cm.o
    0x20004630   0x000000c4   Zero   RW          326    .bss                rtx_conf_cm.o
    0x200046f4   0x0000001c   Zero   RW          327    .bss                rtx_conf_cm.o
    0x20004710   0x00000320   Zero   RW          328    .bss                rtx_conf_cm.o
    0x20004a30   0x000000cc   Zero   RW          378    .bss                mci_stm32f4xx.o
    0x20004afc   0x000000a0   Zero   RW          490    .bss                usbd_fs_stm32f4xx.o
    0x20004b9c   0x000000f0   Zero   RW          525    .bss                usbd_hs_stm32f4xx.o
    0x20004c8c   0x000000a0   Zero   RW          905    .bss                fs_config.o
    0x20004d2c   0x000014a0   Zero   RW          906    .bss                fs_config.o
    0x200061cc   0x00000034   Zero   RW          944    .bss                usbd_config_0.o
    0x20006200   0x00000040   Zero   RW         1015    .bss                usbd_config_1.o
    0x20006240   0x00000034   Zero   RW         1016    .bss                usbd_config_1.o
    0x20006274   0x00000018   Zero   RW         1017    .bss                usbd_config_1.o
    0x2000628c   0x00000018   Zero   RW         1018    .bss                usbd_config_1.o
    0x200062a4   0x00000048   Zero   RW         1019    .bss                usbd_config_1.o
    0x200062ec   0x00000200   Zero   RW         1020    .bss                usbd_config_1.o
    0x200064ec   0x00000200   Zero   RW         1021    .bss                usbd_config_1.o
    0x200066ec   0x000000c0   Zero   RW         1022    .bss                usbd_config_1.o
    0x200067ac   0x00000034   Zero   RW         1769    .bss                RTX_CM4.lib(rt_task.o)
    0x200067e0   0x00000030   Zero   RW         2442    .bss                RTX_CM4.lib(rt_list.o)
    0x20006810   0x00000060   Zero   RW         3099    .bss                c_w.l(libspace.o)
    0x20006870   0x00000054   Zero   RW         3145    .bss                c_w.l(stdio_streams.o)
    0x200068c4   0x00000054   Zero   RW         3146    .bss                c_w.l(stdio_streams.o)
    0x20006918   0x00000054   Zero   RW         3147    .bss                c_w.l(stdio_streams.o)
    0x2000696c   0x00000004   PAD
    0x20006970   0x00004000   Zero   RW          868    HEAP                startup_stm32f407xx.o
    0x2000a970   0x00004000   Zero   RW          867    STACK               startup_stm32f407xx.o


==============================================================================

Image component sizes


      Code (inc. data)   RO Data    RW Data    ZI Data      Debug   Object Name

       204         22          0          0          0      17176   buttons_mcbstm32f400.o
       292         22         35          4       5440       9875   fs_config.o
         0          0       5392          0          0        772   glcd_fonts.o
      2488         68          0         12         68       7694   glcd_mcbstm32f400.o
       232         22         64          0          0       2515   led_mcbstm32f400.o
       516        188          0          0          0     327359   massstorage.o
      2292        112         60          0        204      15762   mci_stm32f4xx.o
         0          0       4096          0          0        464   memorydiskimage.o
       364         12          0          3          0       3651   otg_fs_stm32f4xx.o
       536         34          0          3          0       1823   otg_hs_stm32f4xx.o
       404         36         23          4          0      15507   retarget_io.o
       168         36         72         32       9760       8809   rtx_conf_cm.o
        64         26        392          0      32768        896   startup_stm32f407xx.o
       336         24          0          4          0       4624   stm32f4xx_hal.o
       472          8          0          0          0      30834   stm32f4xx_hal_cortex.o
     11544        164          0          0          0       6332   stm32f4xx_hal_dma.o
       692         54          0          0          0       4359   stm32f4xx_hal_gpio.o
      2040         74         16          0          0       5688   stm32f4xx_hal_rcc.o
       700          8          0          0          0       5412   stm32f4xx_hal_sram.o
       712          4          0          0          0       5436   stm32f4xx_ll_fsmc.o
       204         30          0         20          0       1671   system_stm32f4xx.o
         0          0        298         54         52       7656   usbd_config_0.o
       772         14       1029        174       1452      25460   usbd_config_1.o
      3688        128         80         28        160      36379   usbd_fs_stm32f4xx.o
      3868        146         80         28        240      10300   usbd_hs_stm32f4xx.o
        54          0          0          0          0       1674   usbd_user_hid_0.o
        56          0          0          0          0       1674   usbd_user_hid_1.o
       100         12          0          0       8704       2592   usbd_user_msc_0.o
       352         10          0          8          0       3190   usbd_user_msc_1.o

    ----------------------------------------------------------------------
     33152       1254      11706        400      58848     565584   Object Totals
         0          0         32          0          0          0   (incl. Generated)
         2          0         37         26          0          0   (incl. Padding)

    ----------------------------------------------------------------------

      Code (inc. data)   RO Data    RW Data    ZI Data      Debug   Library Member Name

       180         22          0          1          0        152   fs_common.o
      9328        176       1196          0          0       5684   fs_fat.o
       504         64          0          0          0        608   fs_ioc.o
       504         66          0          1          0        404   fs_mapi.o
      3588         74         16          0          0       1852   fs_mc_mci.o
       608         44          0          0          0        572   fs_sys.o
        26          0          0          0          0         68   fs_time.o
       268         24          0          1          0       4128   hal_cm.o
       384         28          0          0          0        796   hal_cm4.o
      2076        236          0          8          0      44847   rt_cmsis.o
       272         18          0          0          0       2470   rt_event.o
       530         34          0          0         48       7765   rt_list.o
       550         10          0          0          0       3661   rt_mailbox.o
       128          0          0          0          0       1821   rt_membox.o
       128          0          0          0          0       2203   rt_memory.o
       336         12          0          0          0       1969   rt_mutex.o
        96         22          0          8          0       1230   rt_robin.o
       186         10          0          0          0       2794   rt_semaphore.o
       334         64          0          8          0       7187   rt_system.o
      1200        174          0          8         52       9253   rt_task.o
         6          0          0          4          0        668   rt_time.o
         4          4          0          0          0        200   svc_table.o
      4508        286          0          0          0       3364   usbd_core.o
       564         58          0          0          0        260   usbd_core_hid.o
       152         12          0          0          0         84   usbd_core_msc.o
      1938        190         32          0          0       1572   usbd_hid.o
      4100        278          0          0          0       2904   usbd_msc.o
        90          0          0          0          0          0   __dczerorl2.o
         8          0          0          0          0         68   __main.o
         0          0          0          0          0          0   __rtentry.o
        20          0          0          0          0          0   __rtentry2.o
         6          0          0          0          0          0   __rtentry4.o
        52          8          0          0          0          0   __scatter.o
        28          0          0          0          0          0   __scatter_zi.o
        16          0          0          0          0         68   aeabi_memset.o
        10          0          0          0          0         68   defsig_exit.o
        50          0          0          0          0         88   defsig_general.o
        80         58          0          0          0         76   defsig_rtmem_inner.o
        14          0          0          0          0         80   defsig_rtmem_outer.o
        52         38          0          0          0         76   defsig_rtred_inner.o
        14          0          0          0          0         80   defsig_rtred_outer.o
        12          0          0          0          0         72   exit.o
        76          0          0          0          0         88   fclose.o
       144         10          0          0          0        128   fflush_locked.o
       324          8          0          0          0        152   fopen_locked.o
       248          6          0          0          0         84   fseek.o
        66          0          0          0          0         76   ftell.o
       158          0          0          0          0        128   h1_alloc_mt.o
        62          0          0          0          0         80   h1_extend_mt.o
       118          0          0          0          0        108   h1_free_mt.o
        18          0          0          0          0         84   h1_init_mt.o
         6          0          0          0          0        152   heapauxi.o
         4          0          0          0          0        136   hguard.o
         0          0          0          0          0          0   indicate_semi.o
       138          0          0          0          0        168   init_alloc.o
       456         48          0          0          0        116   initio_locked.o
        44         10        272          0          0         76   lc_ctype_c.o
         2          0          0          0          0          0   libinit.o
        36          0          0          0          0          0   libinit2.o
         2          0          0          0          0          0   libshutdown.o
         6          0          0          0          0          0   libshutdown2.o
         8          4          0          0         96         68   libspace.o
       238          0          0          0          0        100   lludivv7m.o
         0          0          0          0          0          0   maybetermalloc1.o
        16          4          0          0          0         76   rt_ctype_table.o
         4          0          0          0          0         68   rt_errno_addr_twolibspace.o
        10          0          0          0          0         76   rt_heap_descriptor_twolibspace.o
        10          0          0          0          0         76   rt_locale_twolibspace.o
        68          0          0          0          0         68   rt_memclr.o
        78          0          0          0          0         80   rt_memclr_w.o
       138          0          0          0          0         68   rt_memcpy_v6.o
       100          0          0          0          0         80   rt_memcpy_w.o
         2          0          0          0          0          0   rtexit.o
        10          0          0          0          0          0   rtexit2.o
       104          0          0          0          0         88   setvbuf_locked.o
       240          6          0          0          0        156   stdio.o
         0          0          0         12        252          0   stdio_streams.o
       128          0          0          0          0         68   strcmpv7m.o
         0          0          0          4          0          0   streamlock.o
        62          0          0          0          0         76   strlen.o
        50          0          0          0          0         84   strncasecmp.o
        12          4          0          0          0         68   sys_exit.o
        74          0          0          0          0         80   sys_stackheap_outer.o
        26          0          0          0          0         76   tolower.o
         2          0          0          0          0         68   use_no_semi.o
        10          0          0          0          0        116   fpinit.o

    ----------------------------------------------------------------------
     36302       2110       1516         60        452     112408   Library Totals
        54          0          0          5          4          0   (incl. Padding)

    ----------------------------------------------------------------------

      Code (inc. data)   RO Data    RW Data    ZI Data      Debug   Library Name

     14738        446       1212          2          0       9340   FS_LFN_CM3_L.lib
      6498        636          0         37        100      90992   RTX_CM4.lib
     11262        824         32          0          0       8184   USB_CM3_L.lib
      3740        204        272         16        348       3776   c_w.l
        10          0          0          0          0        116   fz_wm.l

    ----------------------------------------------------------------------
     36302       2110       1516         60        452     112408   Library Totals

    ----------------------------------------------------------------------

==============================================================================


      Code (inc. data)   RO Data    RW Data    ZI Data      Debug   

     69454       3364      13222        460      59300     647944   Grand Totals
     69454       3364      13222        144      59300     647944   ELF Image Totals (compressed)
     69454       3364      13222        144          0          0   ROM Totals

==============================================================================

    Total RO  Size (Code + RO Data)                82676 (  80.74kB)
    Total RW  Size (RW Data + ZI Data)             59760 (  58.36kB)
    Total ROM Size (Code + RO Data + RW Data)      82820 (  80.88kB)

==============================================================================

