<html>
<body>
<pre>
<h1>µVision Build Log</h1>
<h2>Tool Versions:</h2>
IDE-Version: µVision V5.14.0.0
Copyright (C) 2015 ARM Ltd and ARM Germany GmbH. All rights reserved.
License Information: a ARM ARM Flex license: MDK-ARM Professional: 25000 user(s) (mdk_pro) Operation stops: 31 Dec 2015
 
Tool Versions:
Toolchain:       MDK-ARM Professional: 25000 user(s)  Version: 5.14.0.0
Toolchain Path:  C:\Keil_v5\ARM\ARMCC\Bin
C Compiler:      Armcc.exe V5.05 update 1 (build 106)
Assembler:       Armasm.exe V5.05 update 1 (build 106)
Linker/Locator:  ArmLink.exe V5.05 update 1 (build 106)
Library Manager: ArmAr.exe V5.05 update 1 (build 106)
Hex Converter:   FromElf.exe V5.05 update 1 (build 106)
CPU DLL:         SARMCM3.DLL V5.14.0.0
Dialog DLL:      DCM.DLL V1.13.1.0
Target DLL:      ULP2CM3.DLL V2.200.0.0
Dialog DLL:      TCM.DLL V1.14.4.0
 
<h2>Project:</h2>
C:\keilcode\MDK\Boards\Keil\MCBSTM32F400\Middleware\USB\Device\MassStorage\MassStorage.uvprojx
Project File Date:  06/17/2015

<h2>Output:</h2>
Rebuild target 'STM32F407 Flash'
compiling MassStorage.c...
compiling MemoryDiskImage.c...
compiling USBD_User_MSC_0.c...
compiling USBD_User_MSC_1.c...
compiling USBD_User_HID_1.c...
compiling USBD_User_HID_0.c...
compiling Buttons_MCBSTM32F400.c...
compiling GLCD_Fonts.c...
compiling GLCD_MCBSTM32F400.c...
compiling LED_MCBSTM32F400.c...
compiling RTX_Conf_CM.c...
compiling MCI_STM32F4xx.c...
compiling OTG_FS_STM32F4xx.c...
compiling OTG_HS_STM32F4xx.c...
compiling USBD_FS_STM32F4xx.c...
compiling USBD_HS_STM32F4xx.c...
compiling retarget_io.c...
compiling stm32f4xx_hal.c...
compiling stm32f4xx_hal_cortex.c...
compiling stm32f4xx_hal_dma.c...
compiling stm32f4xx_hal_dma_ex.c...
compiling stm32f4xx_hal_gpio.c...
compiling stm32f4xx_hal_pwr.c...
compiling stm32f4xx_hal_pwr_ex.c...
compiling stm32f4xx_hal_rcc.c...
compiling stm32f4xx_hal_rcc_ex.c...
compiling stm32f4xx_hal_sram.c...
compiling stm32f4xx_ll_fsmc.c...
assembling startup_stm32f407xx.s...
compiling system_stm32f4xx.c...
compiling FS_Config.c...
compiling USBD_Config_0.c...
compiling USBD_Config_1.c...
linking...
Program Size: Code=69454 RO-data=13222 RW-data=460 ZI-data=59300  
".\Output\MassStorage.axf" - 0 Error(s), 0 Warning(s).

<h2>Software Packages used:</h2>

Package Vendor: ARM
                http://www.keil.com/pack/ARM.CMSIS.4.3.0.pack
                ::CMSIS:RTOS:1.0 (API)
                CMSIS (Cortex Microcontroller Software Interface Standard)
   * Component: RTOS Version: 1.0
   * Component: MCI Version: 2.02
   * Component: USB Device Version: 2.01
   * Component: CORE Version: 4.1.0
   * Component: Keil RTX Version: 4.78.0

Package Vendor: Keil
                http://www.keil.com/pack/Keil.ARM_Compiler.1.0.0.pack
                Keil::Compiler:I/O:STDIN:ITM:1.0.0
                Keil ARM Compiler extensions
   * Component: STDIN Variant: ITM Version: 1.0.0
   * Component: STDOUT Variant: ITM Version: 1.0.0
   * Component: STDERR Variant: ITM Version: 1.0.0
   * Component: TTY Variant: Breakpoint Version: 1.0.0
   * Component: File Variant: File System Version: 1.0.0

Package Vendor: Keil
                http://www.keil.com/pack/Keil.MDK-Middleware.6.4.0.pack
                ::Board Support:LED:1.00 (API)
                Keil MDK-ARM Professional Middleware for ARM Cortex-M based devices
   * Component: LED Version: 1.00
   * Component: Buttons Version: 1.00
   * Component: Graphic LCD Version: 1.00
   * Component: CORE Variant: LFN Version: 6.4.0
   * Component: Memory Card Version: 6.4.0
   * Component: CORE Version: 6.4.0
   * Component: Device Version: 6.4.0
   * Component: HID Version: 6.4.0
   * Component: MSC Version: 6.4.0

Package Vendor: Keil
                http://www.keil.com/pack/Keil.STM32F2xx_DFP.2.1.0.pack
                ::Device:STM32Cube Framework (API)
                STMicroelectronics STM32F2 Series Device Support, Drivers and Examples
   * Component: STM32Cube Framework Version: 

Package Vendor: Keil
                http://www.keil.com/pack/Keil.STM32F4xx_DFP.2.4.0.pack
                Keil::Device:Startup:2.1.0
                STMicroelectronics STM32F4 Series Device Support, Drivers and Examples
   * Component: Startup Version: 2.1.0
   * Component: Classic Version: 1.1.0
   * Component: Common Version: 1.1.0
   * Component: Cortex Version: 1.1.0
   * Component: DMA Version: 1.1.0
   * Component: GPIO Version: 1.1.0
   * Component: PWR Version: 1.1.0
   * Component: RCC Version: 1.1.0
   * Component: SRAM Version: 1.1.0
   * Component: MCI Version: 2.01
   * Component: Full-speed Version: 2.06
   * Component: High-speed Version: 2.06
   * Component: LED Version: 2.0.0
   * Component: Buttons Version: 2.0.0
   * Component: Graphic LCD Version: 2.0.0

<h2>Collection of Component include folders:</h2>
  C:\keilcode\MDK\Boards\Keil\MCBSTM32F400\Middleware\USB\Device\MassStorage\RTE
  C:\keilcode\MDK\Boards\Keil\MCBSTM32F400\Middleware\USB\Device\MassStorage\RTE\Device\STM32F407IGHx
  C:\Keil_v5\ARM\PACK\ARM\CMSIS\4.3.0\CMSIS\Driver\Include
  C:\Keil_v5\ARM\PACK\ARM\CMSIS\4.3.0\CMSIS\Include
  C:\Keil_v5\ARM\PACK\ARM\CMSIS\4.3.0\CMSIS\RTOS\RTX\INC
  C:\Keil_v5\ARM\PACK\Keil\MDK-Middleware\6.4.0\Board
  C:\Keil_v5\ARM\PACK\Keil\MDK-Middleware\6.4.0\FileSystem\Include
  C:\Keil_v5\ARM\PACK\Keil\MDK-Middleware\6.4.0\USB\Include
  C:\Keil_v5\ARM\PACK\Keil\STM32F4xx_DFP\2.4.0
  C:\Keil_v5\ARM\PACK\Keil\STM32F4xx_DFP\2.4.0\Drivers\CMSIS\Device\ST\STM32F4xx\Include
  C:\Keil_v5\ARM\PACK\Keil\STM32F4xx_DFP\2.4.0\Drivers\STM32F4xx_HAL_Driver\Inc
  C:\Keil_v5\ARM\PACK\Keil\STM32F4xx_DFP\2.4.0\MDK\Boards\Keil\MCBSTM32F400\Common

<h2>Collection of Component Files used:</h2>

   * Component: ::CMSIS:RTOS:1.0 (API)

   * Component: ::CMSIS Driver:MCI:2.02 (API)
      Include file:  CMSIS\Driver\Include\Driver_MCI.h

   * Component: ::CMSIS Driver:USB Device:2.01 (API)
      Include file:  CMSIS\Driver\Include\Driver_USBD.h

   * Component: ARM::CMSIS:CORE:4.1.0

   * Component: ARM::CMSIS:RTOS:Keil RTX:4.78.0
      Include file:  CMSIS\RTOS\RTX\INC\cmsis_os.h
      Source file:   CMSIS\RTOS\RTX\Templates\RTX_Conf_CM.c
      Include file:  CMSIS\RTOS\RTX\UserCodeTemplates\osObjects.h
      Source file:   CMSIS\RTOS\RTX\UserCodeTemplates\main.c
      Source file:   CMSIS\RTOS\RTX\UserCodeTemplates\MailQueue.c
      Source file:   CMSIS\RTOS\RTX\UserCodeTemplates\MemPool.c
      Source file:   CMSIS\RTOS\RTX\UserCodeTemplates\MsgQueue.c
      Source file:   CMSIS\RTOS\RTX\UserCodeTemplates\Mutex.c
      Source file:   CMSIS\RTOS\RTX\UserCodeTemplates\Semaphore.c
      Source file:   CMSIS\RTOS\RTX\UserCodeTemplates\Thread.c
      Source file:   CMSIS\RTOS\RTX\UserCodeTemplates\Timer.c
      Source file:   CMSIS\RTOS\RTX\SRC\ARM\SVC_Table.s
      Library file:  CMSIS\RTOS\RTX\LIB\ARM\RTX_CM4.lib

   * Component: Keil::Compiler:I/O:STDIN:ITM:1.0.0
      Source file:   Source\retarget_io.c

   * Component: Keil::Compiler:I/O:STDOUT:ITM:1.0.0
      Source file:   Source\retarget_io.c

   * Component: Keil::Compiler:I/O:STDERR:ITM:1.0.0
      Source file:   Source\retarget_io.c

   * Component: Keil::Compiler:I/O:TTY:Breakpoint:1.0.0
      Source file:   Source\retarget_io.c

   * Component: Keil::Compiler:I/O:File:File System:1.0.0
      Source file:   Source\retarget_io.c

   * Component: ::Board Support:LED:1.00 (API)
      Include file:  Board\Board_LED.h

   * Component: ::Board Support:Buttons:1.00 (API)
      Include file:  Board\Board_Buttons.h

   * Component: ::Board Support:Graphic LCD:1.00 (API)
      Include file:  Board\Board_GLCD.h

   * Component: Keil.MDK-Pro::File System:CORE:LFN:6.4.0
      Include file:  FileSystem\Include\rl_fs.h
      Source file:   FileSystem\Config\FS_Config.c
      Library file:  FileSystem\Lib\ARM\FS_LFN_CM3_L.lib

   * Component: Keil.MDK-Pro::File System:Drive:Memory Card:6.4.0
      Source file:   FileSystem\Config\FS_Config_MC.h

   * Component: Keil.MDK-Pro::USB:CORE:6.4.0
      Include file:  USB\Include\rl_usb.h
      Library file:  USB\Lib\ARM\USB_CM3_L.lib

   * Component: Keil.MDK-Pro::USB:Device:6.4.0
      Source file:   USB\Config\USBD_Config.c
      Source file:   USB\Template\USBD_User_Device.c

   * Component: Keil.MDK-Pro::USB:Device:HID:6.4.0
      Source file:   USB\Config\USBD_Config_HID.h
      Source file:   USB\Template\USBD_User_HID.c
      Source file:   USB\Template\USBD_User_HID_Mouse.c

   * Component: Keil.MDK-Pro::USB:Device:MSC:6.4.0
      Source file:   USB\Config\USBD_Config_MSC.h
      Source file:   USB\Template\USBD_User_MSC.c
      Source file:   USB\Template\USBD_MSC.c
      Source file:   USB\Template\USBD_MSC.h

   * Component: ::Device:STM32Cube Framework (API)

   * Component: Keil::Device:Startup:2.1.0
      Source file:   MDK\Device\Source\ARM\STM32F40xxx_41xxx_OPT.s
      Source file:   MDK\Device\Source\ARM\STM32F4xx_OTP.s
      Include file:  Drivers\CMSIS\Device\ST\STM32F4xx\Include\stm32f4xx.h
      Source file:   Drivers\CMSIS\Device\ST\STM32F4xx\Source\Templates\arm\startup_stm32f407xx.s
      Source file:   MDK\Device\Source\ARM\system_stm32f4xx.c

   * Component: Keil::Device:STM32Cube Framework:Classic:1.1.0
      Include file:  CMSIS\Driver\Config\RTE_Device.h
      Include file:  MDK\Templates\Inc\stm32f4xx_hal_conf.h
      Source file:   MDK\Templates\Src\stm32f4xx_hal_msp.c
      Include file:  MDK\Templates\Inc\stm32f4xx_it.h
      Source file:   MDK\Templates\Src\stm32f4xx_it.c
      Include file:  MDK\Templates\Inc\main.h
      Source file:   MDK\Templates\Src\main.c

   * Component: Keil::Device:STM32Cube HAL:Common:1.1.0
      Include file:  Drivers\STM32F4xx_HAL_Driver\Inc\stm32f4xx_hal.h
      Source file:   Drivers\STM32F4xx_HAL_Driver\Src\stm32f4xx_hal.c

   * Component: Keil::Device:STM32Cube HAL:Cortex:1.1.0
      Source file:   Drivers\STM32F4xx_HAL_Driver\Src\stm32f4xx_hal_cortex.c

   * Component: Keil::Device:STM32Cube HAL:DMA:1.1.0
      Source file:   Drivers\STM32F4xx_HAL_Driver\Src\stm32f4xx_hal_dma.c
      Source file:   Drivers\STM32F4xx_HAL_Driver\Src\stm32f4xx_hal_dma_ex.c

   * Component: Keil::Device:STM32Cube HAL:GPIO:1.1.0
      Source file:   Drivers\STM32F4xx_HAL_Driver\Src\stm32f4xx_hal_gpio.c

   * Component: Keil::Device:STM32Cube HAL:PWR:1.1.0
      Source file:   Drivers\STM32F4xx_HAL_Driver\Src\stm32f4xx_hal_pwr.c
      Source file:   Drivers\STM32F4xx_HAL_Driver\Src\stm32f4xx_hal_pwr_ex.c

   * Component: Keil::Device:STM32Cube HAL:RCC:1.1.0
      Source file:   Drivers\STM32F4xx_HAL_Driver\Src\stm32f4xx_hal_rcc.c
      Source file:   Drivers\STM32F4xx_HAL_Driver\Src\stm32f4xx_hal_rcc_ex.c

   * Component: Keil::Device:STM32Cube HAL:SRAM:1.1.0
      Source file:   Drivers\STM32F4xx_HAL_Driver\Src\stm32f4xx_hal_sram.c
      Source file:   Drivers\STM32F4xx_HAL_Driver\Src\stm32f4xx_ll_fsmc.c

   * Component: Keil::CMSIS Driver:MCI:2.01
      Source file:   CMSIS\Driver\MCI_STM32F4xx.c

   * Component: Keil::CMSIS Driver:USB Device:Full-speed:2.06
      Source file:   CMSIS\Driver\OTG_FS_STM32F4xx.c
      Source file:   CMSIS\Driver\USBD_FS_STM32F4xx.c

   * Component: Keil::CMSIS Driver:USB Device:High-speed:2.06
      Source file:   CMSIS\Driver\OTG_HS_STM32F4xx.c
      Source file:   CMSIS\Driver\USBD_HS_STM32F4xx.c

   * Component: Keil.MCBSTM32F400::Board Support:LED:2.0.0
      Source file:   MDK\Boards\Keil\MCBSTM32F400\Common\LED_MCBSTM32F400.c

   * Component: Keil.MCBSTM32F400::Board Support:Buttons:2.0.0
      Source file:   MDK\Boards\Keil\MCBSTM32F400\Common\Buttons_MCBSTM32F400.c

   * Component: Keil.MCBSTM32F400::Board Support:Graphic LCD:2.0.0
      Include file:  MDK\Boards\Keil\MCBSTM32F400\Common\GLCD_Config.h
      Source file:   MDK\Boards\Keil\MCBSTM32F400\Common\GLCD_Fonts.c
      Source file:   MDK\Boards\Keil\MCBSTM32F400\Common\GLCD_MCBSTM32F400.c
</pre>
</body>
</html>
